[portal.linkaraby.com/index.html]
[backblue.gif]
[fade.gif]
[index.html]
[portal.linkaraby.com/assets/img/logo.png]
[portal.linkaraby.com/partners.html]
[portal.linkaraby.com/affiliate.html]
[portal.linkaraby.com/merchant.html]
[portal.linkaraby.com/affiliate-faq.html]
[portal.linkaraby.com/merchant-faq.html]
[portal.linkaraby.com/assets/img/home-banner.png]
[portal.linkaraby.com/assets/img/video-play-ar.png]
[portal.linkaraby.com/affiliate/signup.html]
[portal.linkaraby.com/campaigns.html]
[portal.linkaraby.com/merchant/signup.html]
[portal.linkaraby.com/assets/img/screenshots/1.png]
[portal.linkaraby.com/assets/img/huawei2.png]
[portal.linkaraby.com/assets/img/googleplay2.png]
[portal.linkaraby.com/assets/img/appstore2.png]
[portal.linkaraby.com/assets/img/screenshots/2.png]
[portal.linkaraby.com/assets/img/screenshots/3.png]
[portal.linkaraby.com/assets/img/icon-promotion.png]
[portal.linkaraby.com/assets/img/icon-store.png]
[www.linkaraby.com/accounts/default1/files/balsam-store.png]
[www.linkaraby.com/accounts/default1/files/beyyak.png]
[www.linkaraby.com/accounts/default1/files/riseshopsa.png]
[www.linkaraby.com/accounts/default1/files/aynma.png]
[www.linkaraby.com/accounts/default1/files/alawlentea.png]
[www.linkaraby.com/accounts/default1/files/aloyayri.sa.png]
[portal.linkaraby.com/blog.html]
[portal.linkaraby.com/files/vat.pdf]
[portal.linkaraby.com/assets/img/maroof.png]
[portal.linkaraby.com/assets/js/jquery-3.2.1.min.js]
[portal.linkaraby.com/assets/js/sticky-sidebar.js]
[portal.linkaraby.com/assets/js/owl.carousel.min.js]
[portal.linkaraby.com/assets/js/imagesloaded.min.js]
[portal.linkaraby.com/assets/js/grt-youtube-popup.js]
[portal.linkaraby.com/assets/js/custom.js]
[portal.linkaraby.com/assets/js/popper.min.js]
[portal.linkaraby.com/assets/js/bootstrap.min.js]
[portal.linkaraby.com/assets/js/multi-animated-counter.js]
[portal.linkaraby.com/index.html]
[portal.linkaraby.com/assets/css/animate.css]
[portal.linkaraby.com/assets/css/owl.video.play.png]
[portal.linkaraby.com/assets/css/owl.carousel.css]
[portal.linkaraby.com/assets/css/AjaxLoader.gif]
[portal.linkaraby.com/assets/css/owl.theme.css]
[portal.linkaraby.com/assets/css/bootstrap.min.css]
[portal.linkaraby.com/assets/fonts/font-awesome/fonts/fontawesome-webfont3e6e.eot]
[portal.linkaraby.com/assets/fonts/font-awesome/fonts/fontawesome-webfontd41d.eot]
[portal.linkaraby.com/assets/fonts/font-awesome/fonts/fontawesome-webfont3e6e.woff2]
[portal.linkaraby.com/assets/fonts/font-awesome/fonts/fontawesome-webfont3e6e.woff]
[portal.linkaraby.com/assets/fonts/font-awesome/fonts/fontawesome-webfont3e6e.ttf]
[portal.linkaraby.com/assets/fonts/font-awesome/css/font-awesome.min.css]
[portal.linkaraby.com/assets/img/mony-video-ba.png]
[portal.linkaraby.com/assets/img/register-banner-1.png]
[portal.linkaraby.com/assets/img/register-banner-2.png]
[portal.linkaraby.com/assets/css/stylefa56.css]
[portal.linkaraby.com/assets/css/customfa56.css]
[portal.linkaraby.com/assets/css/icon-close-white.png]
[portal.linkaraby.com/assets/css/icon-close-black.png]
[portal.linkaraby.com/assets/css/grt-youtube-popup.css]
[portal.linkaraby.com/assets/logos/8034475d.png]
[portal.linkaraby.com/assets/logos/6eb7cf84.png]
[portal.linkaraby.com/assets/logos/e424b4dc1.png]
[portal.linkaraby.com/assets/logos/a80d5951.png]
[portal.linkaraby.com/assets/logos/a2371530.png]
[portal.linkaraby.com/assets/logos/c9147d39.png]
[portal.linkaraby.com/assets/logos/dca80afb.png]
[portal.linkaraby.com/assets/logos/20eb2d21.png]
[portal.linkaraby.com/assets/logos/3f003980.png]
[portal.linkaraby.com/assets/logos/e42dee0d.png]
[portal.linkaraby.com/assets/logos/c727261a.png]
[portal.linkaraby.com/assets/logos/af9478cf.png]
[portal.linkaraby.com/assets/logos/e5193186.png]
[portal.linkaraby.com/assets/logos/d77410ac.png]
[portal.linkaraby.com/assets/logos/c930470b.png]
[portal.linkaraby.com/assets/logos/3503cf6c.png]
[portal.linkaraby.com/assets/logos/09a056ad.png]
[portal.linkaraby.com/assets/logos/0b3187ce.png]
[portal.linkaraby.com/assets/logos/cef83d97.png]
[portal.linkaraby.com/assets/logos/541717ae.png]
[portal.linkaraby.com/assets/logos/41e903ea.png]
[portal.linkaraby.com/assets/logos/95853cd1.png]
[portal.linkaraby.com/assets/logos/b5422a2d.png]
[portal.linkaraby.com/assets/logos/9fe02cf6.png]
[www.linkaraby.com/accounts/default1/files/pharever.png]
[portal.linkaraby.com/assets/logos/45ab881d.png]
[portal.linkaraby.com/assets/logos/dd6cb065.png]
[www.linkaraby.com/accounts/default1/files/woodentouch-store.png]
[portal.linkaraby.com/assets/logos/8a8efbde.png]
[portal.linkaraby.com/assets/logos/ce9962a8.png]
[portal.linkaraby.com/assets/logos/a72ef735.png]
[portal.linkaraby.com/assets/logos/7c0eca6b.png]
[portal.linkaraby.com/assets/logos/e81c3de7.png]
[portal.linkaraby.com/assets/logos/c4e31af8.png]
[www.linkaraby.com/accounts/default1/files/teebalawaleen.png]
[www.linkaraby.com/accounts/default1/files/babymomentksa.png]
[www.linkaraby.com/accounts/default1/files/sadan.png]
[www.linkaraby.com/accounts/default1/files/ghasinzaytuon.png]
[www.linkaraby.com/accounts/default1/files/batronsa.png]
[www.linkaraby.com/accounts/default1/files/artjewellery1.png]
[www.linkaraby.com/accounts/default1/files/aylasa.png]
[www.linkaraby.com/accounts/default1/files/darkyan.png]
[portal.linkaraby.com/assets/logos/7584191a.png]
[portal.linkaraby.com/assets/logos/0f360e55.png]
[portal.linkaraby.com/assets/logos/818081b8.png]
[www.linkaraby.com/accounts/default1/files/navajewellery.png]
[www.linkaraby.com/accounts/default1/files/hanoverperfumes.png]
[www.linkaraby.com/accounts/default1/files/lovelymakeuplady.png]
[portal.linkaraby.com/assets/logos/f379cfd6.png]
[www.linkaraby.com/accounts/default1/files/speedizy.png]
[portal.linkaraby.com/assets/logos/63c85655.png]
[portal.linkaraby.com/assets/logos/7cbfdf33.png]
[portal.linkaraby.com/assets/logos/0195cfc8.png]
[www.linkaraby.com/accounts/default1/files/qtstons.png]
[www.linkaraby.com/accounts/default1/files/3dsah.png]
[www.linkaraby.com/accounts/default1/files/qutubstore.png]
[www.linkaraby.com/accounts/default1/files/qmNWBsfLFKFACwaCLpE7B4s86zJy5HrYquhbO5gI.gif]
[portal.linkaraby.com/assets/logos/8b1f2ab1.png]
[portal.linkaraby.com/assets/logos/8b95f0eb.png]
[www.linkaraby.com/accounts/default1/files/Mercato.png]
[portal.linkaraby.com/assets/logos/5b9f7e0e.png]
[portal.linkaraby.com/assets/logos/707a2599.png]
[portal.linkaraby.com/assets/logos/7139c9b2.png]
[www.linkaraby.com/accounts/default1/files/sulafstore.png]
[portal.linkaraby.com/assets/logos/9f14e4a0.png]
[www.linkaraby.com/accounts/default1/files/aremshop.png]
[portal.linkaraby.com/assets/logos/dee86864.png]
[portal.linkaraby.com/assets/logos/e43ba5d2.png]
[portal.linkaraby.com/assets/logos/e3ecbe4b.png]
[portal.linkaraby.com/assets/logos/bdec5090.png]
[portal.linkaraby.com/assets/logos/978bacff.png]
[portal.linkaraby.com/assets/logos/8ca56da6.png]
[portal.linkaraby.com/assets/logos/0a96845c.png]
[www.linkaraby.com/accounts/default1/files/futurefoodstore.png]
[portal.linkaraby.com/assets/logos/6c91229d.png]
[portal.linkaraby.com/assets/logos/1a93dcd0.png]
[portal.linkaraby.com/assets/logos/b21544a0.png]
[portal.linkaraby.com/assets/logos/b00c0bb6.png]
[portal.linkaraby.com/assets/logos/ed286f2f.png]
[portal.linkaraby.com/assets/logos/7c97268f.png]
[portal.linkaraby.com/assets/logos/4453d5e8.jpg]
[portal.linkaraby.com/assets/logos/76791b12.jpg]
[portal.linkaraby.com/assets/logos/8cdf1489.jpg]
[www.linkaraby.com/accounts/default1/files/odenperfumes.png]
[portal.linkaraby.com/assets/logos/9782a9d0.jpg]
[portal.linkaraby.com/assets/logos/c4693f27.png]
[portal.linkaraby.com/assets/logos/7eb9c334.png]
[portal.linkaraby.com/assets/logos/037608bb.png]
[portal.linkaraby.com/assets/logos/36a0f9df.png]
[www.linkaraby.com/accounts/default1/files/alajwa-alnubawia.gif]
[portal.linkaraby.com/assets/logos/28086be5.png]
[portal.linkaraby.com/assets/logos/6c6fbcee.png]
[www.linkaraby.com/accounts/default1/files/sanahalteeb.png]
[www.linkaraby.com/accounts/default1/files/saudirock.png]
[www.linkaraby.com/accounts/default1/files/yabaneez.png]
[www.linkaraby.com/accounts/default1/files/oakaparfum.png]
[portal.linkaraby.com/assets/logos/b8118214.png]
[www.linkaraby.com/accounts/default1/files/alriyfalnajdiu.png]
[www.linkaraby.com/accounts/default1/files/lazort.png]
[www.linkaraby.com/accounts/default1/files/softwoman.png]
[www.linkaraby.com/accounts/default1/files/rubystore.png]
[www.linkaraby.com/accounts/default1/files/gnndl3.png]
[www.linkaraby.com/accounts/default1/files/lighting-sa.png]
[www.linkaraby.com/accounts/default1/files/atyabaldarsa.png]
[www.linkaraby.com/accounts/default1/files/danastoreksa.png]
[www.linkaraby.com/accounts/default1/files/kidsaco.png]
[www.linkaraby.com/accounts/default1/files/wadanhoney.png]
[www.linkaraby.com/accounts/default1/files/ommniah.png]
[www.linkaraby.com/accounts/default1/files/wareefhoney.png]
[www.linkaraby.com/accounts/default1/files/ngaal3sl.png]
[www.linkaraby.com/accounts/default1/files/naya-sa.png]
[www.linkaraby.com/accounts/default1/files/qcmber.png]
[www.linkaraby.com/accounts/default1/files/aile-sa.png]
[portal.linkaraby.com/assets/logos/20e647d4.png]
[www.linkaraby.com/accounts/default1/files/mirnan.png]
[www.linkaraby.com/accounts/default1/files/optique.png]
[portal.linkaraby.com/assets/logos/9b9f27b1.png]
[portal.linkaraby.com/assets/logos/77c11329.png]
[www.linkaraby.com/accounts/default1/files/w-t3le100.png]
[www.linkaraby.com/accounts/default1/files/ghem.store.png]
[www.linkaraby.com/accounts/default1/files/langorstore.png]
[www.linkaraby.com/accounts/default1/files/b72c05b7-6334-4247-b727-25ab8e82a543-200x-2.jpg]
[www.linkaraby.com/accounts/default1/files/celiana.png]
[www.linkaraby.com/accounts/default1/files/khazena-sa.png]
[www.linkaraby.com/accounts/default1/files/saffronstoresa.png]
[www.linkaraby.com/accounts/default1/files/viebelle-perfumes.png]
[portal.linkaraby.com/assets/logos/98eb64b4.png]
[www.linkaraby.com/accounts/default1/files/speccov.png]
[www.linkaraby.com/accounts/default1/files/myhappytimes.png]
[www.linkaraby.com/accounts/default1/files/nichemarket.png]
[www.linkaraby.com/accounts/default1/files/lenahperfume.png]
[www.linkaraby.com/accounts/default1/files/moshtrk.png]
[www.linkaraby.com/accounts/default1/files/pelotaaa.png]
[www.linkaraby.com/accounts/default1/files/hajarworld.png]
[www.linkaraby.com/accounts/default1/files/mirvastores.png]
[portal.linkaraby.com/assets/logos/c46b561f.png]
[www.linkaraby.com/accounts/default1/files/magstore.png]
[portal.linkaraby.com/assets/logos/dde49c11.png]
[www.linkaraby.com/accounts/default1/files/coffeemixsa.png]
[portal.linkaraby.com/assets/logos/70ac5a10.png]
[www.linkaraby.com/accounts/default1/files/arreshah.png]
[www.linkaraby.com/accounts/default1/files/beautyinloveshop.gif]
[www.linkaraby.com/accounts/default1/files/tripletree.png]
[www.linkaraby.com/accounts/default1/files/eterstory.png]
[portal.linkaraby.com/assets/logos/b9d1a697.png]
[www.linkaraby.com/accounts/default1/files/noorseena.png]
[portal.linkaraby.com/assets/logos/f4059ffb.png]
[portal.linkaraby.com/assets/logos/ba95b822.png]
[portal.linkaraby.com/assets/logos/a1263328.png]
[www.linkaraby.com/accounts/default1/files/Screen Shot 2021-04-11 at 12.08.05 AM.png]
[portal.linkaraby.com/assets/logos/2f2dcd11.png]
[portal.linkaraby.com/assets/logos/b775d75b.png]
[portal.linkaraby.com/assets/logos/cfe0f4a4.png]
[portal.linkaraby.com/assets/logos/60f77931.png]
[portal.linkaraby.com/assets/logos/1e3f5355.png]
[portal.linkaraby.com/assets/logos/facbb89b.png]
[portal.linkaraby.com/assets/logos/cf422cc7.png]
[portal.linkaraby.com/assets/logos/45fa69bd.png]
[portal.linkaraby.com/assets/logos/b1fadad5.png]
[portal.linkaraby.com/assets/logos/9de00387.png]
[portal.linkaraby.com/assets/logos/86075318.png]
[www.linkaraby.com/accounts/default1/files/fishwasel.png]
[portal.linkaraby.com/assets/logos/dc2da29c.png]
[portal.linkaraby.com/assets/logos/4a24e51a.png]
[portal.linkaraby.com/assets/logos/583d806e.png]
[portal.linkaraby.com/assets/logos/724da5a1.png]
[portal.linkaraby.com/assets/logos/b94236a0.jpg]
[portal.linkaraby.com/assets/logos/18b0e381.png]
[portal.linkaraby.com/assets/logos/743b1af2.png]
[portal.linkaraby.com/assets/logos/193f898e.png]
[www.linkaraby.com/accounts/default1/files/pasardates.png]
[portal.linkaraby.com/assets/logos/e7a201d4.png]
[portal.linkaraby.com/assets/logos/dc17307f.png]
[portal.linkaraby.com/assets/logos/1e7fe66a.png]
[www.linkaraby.com/accounts/default1/files/b59e647f-fcf9-45c2-a792-12c6fc2095cd-200x.jpg]
[portal.linkaraby.com/assets/logos/c5582ba6.png]
[www.linkaraby.com/accounts/default1/files/tandmshops 100.png]
[portal.linkaraby.com/assets/logos/d6857fca.png]
[portal.linkaraby.com/assets/logos/a559670f.png]
[portal.linkaraby.com/assets/logos/43f980ad.png]
[portal.linkaraby.com/assets/logos/ebdb5085.png]
[portal.linkaraby.com/assets/logos/0c232295.png]
[portal.linkaraby.com/assets/logos/20bec218.png]
[portal.linkaraby.com/assets/logos/134705b9.png]
[portal.linkaraby.com/assets/logos/4f1222cf.png]
[portal.linkaraby.com/assets/logos/7bc0ca2d.png]
[portal.linkaraby.com/assets/logos/13251e21.png]
[portal.linkaraby.com/assets/logos/eb5f48f3.png]
[portal.linkaraby.com/assets/logos/fd88916a.png]
[portal.linkaraby.com/assets/logos/48001fad.png]
[portal.linkaraby.com/assets/logos/2663b4a0.png]
[portal.linkaraby.com/assets/logos/1f3e8fcf.png]
[portal.linkaraby.com/assets/logos/c108dc24.png]
[portal.linkaraby.com/assets/logos/85a43089.jpg]
[portal.linkaraby.com/assets/logos/12bd5e0c.png]
[portal.linkaraby.com/assets/logos/e1577fd3.png]
[www.linkaraby.com/accounts/default1/files/da6ffcdb-3f0c-46aa-8201-59be3a435d21-200x.jpg]
[portal.linkaraby.com/assets/logos/3833a6f9.png]
[portal.linkaraby.com/assets/logos/25f7a821.jpg]
[portal.linkaraby.com/assets/logos/b2e650c3.jpg]
[portal.linkaraby.com/assets/logos/6264e2cb.png]
[portal.linkaraby.com/assets/logos/d33382db.png]
[portal.linkaraby.com/assets/logos/b9a5fc73.png]
[portal.linkaraby.com/assets/logos/1f1171c5.png]
[portal.linkaraby.com/assets/logos/6e8d66c5.png]
[portal.linkaraby.com/assets/logos/994e3364.png]
[portal.linkaraby.com/assets/logos/a8eaae07.png]
[portal.linkaraby.com/assets/logos/7e2c9424.png]
[portal.linkaraby.com/assets/logos/cd94a54d.png]
[portal.linkaraby.com/assets/logos/715dd71b.png]
[portal.linkaraby.com/assets/logos/7eb2805d.png]
[portal.linkaraby.com/assets/logos/4518db63.png]
[portal.linkaraby.com/assets/logos/afa3e4ae.jpg]
[portal.linkaraby.com/assets/logos/1719c08e.jpg]
[portal.linkaraby.com/assets/logos/ef289f0b.png]
[portal.linkaraby.com/assets/logos/d912134a.png]
[portal.linkaraby.com/assets/logos/44362f35.png]
[portal.linkaraby.com/assets/logos/63cff2ae.jpg]
[portal.linkaraby.com/assets/logos/f87ca014.png]
[portal.linkaraby.com/assets/logos/cf5b1a49.jpg]
[portal.linkaraby.com/assets/logos/305fcc9b.png]
[www.linkaraby.com/accounts/default1/files/imooiesa.gif]
[portal.linkaraby.com/assets/logos/a92fe5b7.png]
[portal.linkaraby.com/assets/logos/edf63ec6.png]
[portal.linkaraby.com/assets/logos/a9821d8e.jpg]
[portal.linkaraby.com/assets/logos/79bd097e.png]
[portal.linkaraby.com/assets/logos/91000fcc.png]
[portal.linkaraby.com/assets/logos/117b2bd4.png]
[portal.linkaraby.com/assets/logos/6289bf8d.jpg]
[portal.linkaraby.com/assets/logos/5ce70487.png]
[portal.linkaraby.com/assets/logos/5a70545c.jpg]
[portal.linkaraby.com/assets/logos/24d96912.png]
[portal.linkaraby.com/assets/logos/de6dd664.jpg]
[portal.linkaraby.com/assets/logos/dd4679c3.png]
[portal.linkaraby.com/assets/logos/1b97154e.png]
[portal.linkaraby.com/assets/logos/2c6f9f19.png]
[portal.linkaraby.com/assets/logos/bb12af7d.png]
[portal.linkaraby.com/assets/logos/b57eb78e.png]
[portal.linkaraby.com/assets/logos/9c98f0d1.png]
[portal.linkaraby.com/assets/logos/ab83f115.png]
[portal.linkaraby.com/assets/logos/bbc75c66.png]
[www.linkaraby.com/accounts/default1/files/alshenaifistore.png]
[portal.linkaraby.com/assets/logos/37fb23b7.png]
[portal.linkaraby.com/assets/logos/8d61bd78.png]
[www.linkaraby.com/accounts/default1/files/celebrityp.png]
[portal.linkaraby.com/assets/logos/1e764888.png]
[portal.linkaraby.com/assets/logos/a878747f.png]
[www.linkaraby.com/accounts/default1/files/eyakstore.png]
[portal.linkaraby.com/assets/logos/43df73c3.png]
[www.linkaraby.com/accounts/default1/files/dates-gardens.png]
[portal.linkaraby.com/assets/logos/9fb09430.png]
[portal.linkaraby.com/assets/logos/be1b6049.png]
[portal.linkaraby.com/assets/logos/735a93ec.png]
[portal.linkaraby.com/assets/logos/0a8c6dd4.png]
[www.linkaraby.com/accounts/default1/files/dr-j-store.png]
[portal.linkaraby.com/assets/logos/4e222d28.png]
[www.linkaraby.com/accounts/default1/files/darhome-t.png]
[portal.linkaraby.com/assets/logos/0409de0a.png]
[portal.linkaraby.com/assets/logos/cd5ffa40.png]
[portal.linkaraby.com/assets/logos/9a6ca76b.png]
[portal.linkaraby.com/assets/logos/2f77049b.png]
[portal.linkaraby.com/assets/logos/ab7ba4f1.png]
[portal.linkaraby.com/assets/logos/f5585787.png]
[portal.linkaraby.com/assets/logos/65257ad9.png]
[www.linkaraby.com/accounts/default1/files/divingworldsa.png]
[portal.linkaraby.com/assets/logos/82d824d3.png]
[portal.linkaraby.com/assets/logos/d0211edc.png]
[www.linkaraby.com/accounts/default1/files/rubiza.online.png]
[portal.linkaraby.com/assets/logos/84429b65.png]
[portal.linkaraby.com/assets/logos/a6799043.png]
[portal.linkaraby.com/assets/logos/043aa364.png]
[portal.linkaraby.com/assets/logos/5cca7444.png]
[portal.linkaraby.com/assets/logos/1df7013e.png]
[portal.linkaraby.com/assets/logos/8e2bcc18.png]
[portal.linkaraby.com/assets/logos/967a64e7.png]
[portal.linkaraby.com/assets/logos/059563f3.png]
[portal.linkaraby.com/assets/logos/56f97fc9.png]
[portal.linkaraby.com/assets/logos/8cb6097e.png]
[www.linkaraby.com/accounts/default1/files/coursic.png]
[portal.linkaraby.com/assets/logos/ac66358e.png]
[www.linkaraby.com/accounts/default1/files/lurenajewelry.png]
[www.linkaraby.com/accounts/default1/files/atras.png]
[portal.linkaraby.com/assets/logos/f354414b.png]
[portal.linkaraby.com/assets/logos/85789b9f.png]
[www.linkaraby.com/accounts/default1/files/osarh.png]
[portal.linkaraby.com/assets/logos/9e04a892.png]
[portal.linkaraby.com/assets/logos/aa411388.png]
[portal.linkaraby.com/assets/logos/324a5034.png]
[portal.linkaraby.com/assets/logos/514c6f89.png]
[portal.linkaraby.com/assets/logos/8e009d45.png]
[portal.linkaraby.com/assets/logos/3bd0afe1.png]
[portal.linkaraby.com/assets/logos/cc7630f4.png]
[portal.linkaraby.com/assets/logos/85752c64.png]
[portal.linkaraby.com/assets/logos/7327b298.png]
[www.linkaraby.com/accounts/default1/files/alridaest.png]
[portal.linkaraby.com/assets/logos/8730b0a9.png]
[portal.linkaraby.com/assets/logos/3bd93392.png]
[portal.linkaraby.com/assets/logos/9c02ef8d.png]
[portal.linkaraby.com/assets/logos/cf6c2b89.png]
[portal.linkaraby.com/assets/logos/59117090.png]
[portal.linkaraby.com/assets/logos/360407b7.png]
[portal.linkaraby.com/assets/logos/7af69352.png]
[portal.linkaraby.com/assets/logos/e9f54ca1.png]
[portal.linkaraby.com/assets/logos/640fd440.png]
[portal.linkaraby.com/assets/logos/0829d894.png]
[portal.linkaraby.com/assets/logos/18c640a4.jpg]
[portal.linkaraby.com/assets/logos/e3919770.png]
[portal.linkaraby.com/assets/logos/6166facd.png]
[portal.linkaraby.com/assets/logos/06c98361.png]
[portal.linkaraby.com/assets/logos/e52b45cb.png]
[portal.linkaraby.com/assets/logos/b6e68d4d.png]
[portal.linkaraby.com/assets/logos/b7ce310b.png]
[portal.linkaraby.com/assets/logos/dffaf99e.png]
[portal.linkaraby.com/assets/logos/234d12e5.jpg]
[portal.linkaraby.com/assets/logos/66ba5280.jpg]
[portal.linkaraby.com/assets/logos/f9f04d81.png]
[portal.linkaraby.com/assets/logos/cd5eb118.png]
[portal.linkaraby.com/assets/logos/d7fe140e.png]
[portal.linkaraby.com/assets/logos/a9db2c8b.png]
[portal.linkaraby.com/assets/logos/54c384b1.png]
[portal.linkaraby.com/assets/logos/85395ad3.png]
[portal.linkaraby.com/assets/logos/e77d84da.jpg]
[portal.linkaraby.com/assets/logos/ae845d42.png]
[portal.linkaraby.com/assets/logos/56ca167c.png]
[portal.linkaraby.com/assets/logos/c84fe7c8.png]
[portal.linkaraby.com/assets/logos/969c8760.png]
[portal.linkaraby.com/assets/logos/8c02d5f8.png]
[portal.linkaraby.com/assets/logos/ded92e8e.png]
[portal.linkaraby.com/assets/logos/1b081807.png]
[portal.linkaraby.com/assets/logos/eadecfee.png]
[portal.linkaraby.com/assets/logos/c20baa85.png]
[portal.linkaraby.com/assets/logos/1dd0bcdf.png]
[portal.linkaraby.com/assets/logos/99d29f61.png]
[www.linkaraby.com/accounts/default1/files/loabatee2.png]
[portal.linkaraby.com/assets/logos/308043bf.png]
[portal.linkaraby.com/assets/logos/324900be.png]
[portal.linkaraby.com/assets/logos/a321ba60.png]
[portal.linkaraby.com/assets/logos/916fc0b9.png]
[portal.linkaraby.com/assets/logos/a3343607.png]
[portal.linkaraby.com/assets/logos/a4346799.png]
[portal.linkaraby.com/assets/logos/0d3ad7bc.png]
[portal.linkaraby.com/assets/logos/951c54ca.png]
[portal.linkaraby.com/assets/logos/e4f4dd25.png]
[portal.linkaraby.com/assets/logos/0c98e21d.png]
[portal.linkaraby.com/assets/logos/e18951d5.png]
[portal.linkaraby.com/assets/logos/92868e8a.png]
[portal.linkaraby.com/assets/logos/87d2db18.png]
[portal.linkaraby.com/assets/logos/349f9235.png]
[portal.linkaraby.com/assets/logos/8da287ca.png]
[portal.linkaraby.com/assets/logos/bcfaace4.png]
[portal.linkaraby.com/assets/logos/a731ca90.png]
[portal.linkaraby.com/assets/logos/c787b77c.png]
[portal.linkaraby.com/assets/logos/a25de797.png]
[portal.linkaraby.com/assets/logos/7d28c998.png]
[portal.linkaraby.com/assets/logos/89d1963f.png]
[portal.linkaraby.com/assets/logos/57c70a32.png]
[portal.linkaraby.com/assets/logos/2aac4bb2.png]
[portal.linkaraby.com/assets/logos/478143d4.png]
[portal.linkaraby.com/assets/logos/322416ea.png]
[portal.linkaraby.com/assets/logos/787cfbd0.png]
[portal.linkaraby.com/assets/logos/939a3578.jpg]
[portal.linkaraby.com/assets/logos/043cb30d.png]
[portal.linkaraby.com/assets/logos/787a959f.png]
[portal.linkaraby.com/assets/logos/28a73d5f.png]
[portal.linkaraby.com/assets/logos/ad070dd7.png]
[portal.linkaraby.com/assets/logos/94b9892a.png]
[portal.linkaraby.com/assets/logos/92175ae7.png]
[portal.linkaraby.com/assets/logos/ae090603.png]
[portal.linkaraby.com/assets/logos/a7977b4f.png]
[portal.linkaraby.com/assets/logos/b2b18f2f.jpg]
[portal.linkaraby.com/assets/logos/4aee3ed1.png]
[portal.linkaraby.com/assets/logos/3eae41c4.png]
[portal.linkaraby.com/assets/logos/bfef8f83.png]
[portal.linkaraby.com/assets/logos/db5cff99.png]
[portal.linkaraby.com/assets/logos/54ba5e76.png]
[portal.linkaraby.com/assets/logos/2b36855d.png]
[portal.linkaraby.com/assets/logos/9dbf48e2.png]
[portal.linkaraby.com/assets/logos/26e2479a.png]
[portal.linkaraby.com/assets/logos/14207a16.png]
[portal.linkaraby.com/assets/logos/3675c3f6.png]
[portal.linkaraby.com/assets/logos/0db600c7.png]
[portal.linkaraby.com/assets/logos/65414886.png]
[portal.linkaraby.com/assets/logos/8ab4402d.png]
[portal.linkaraby.com/assets/logos/4a0ce802.png]
[portal.linkaraby.com/assets/logos/028fcddd.png]
[portal.linkaraby.com/assets/logos/40edb1fb.png]
[portal.linkaraby.com/assets/logos/bedd0289.png]
[portal.linkaraby.com/assets/logos/73dbc929.png]
[portal.linkaraby.com/assets/logos/8cd65923.png]
[portal.linkaraby.com/assets/logos/6136b326.png]
[portal.linkaraby.com/assets/logos/c761351d.png]
[portal.linkaraby.com/assets/logos/e2a89f81.png]
[portal.linkaraby.com/assets/logos/36e0ff1e.jpg]
[portal.linkaraby.com/assets/logos/7bef9496.png]
[portal.linkaraby.com/assets/logos/350aba06.png]
[portal.linkaraby.com/assets/logos/04f47a93.png]
[portal.linkaraby.com/assets/logos/2ba5361f.png]
[portal.linkaraby.com/assets/logos/ac965c9b.png]
[portal.linkaraby.com/assets/logos/ab8650f6.png]
[portal.linkaraby.com/assets/logos/1d8aebe5.png]
[portal.linkaraby.com/assets/logos/8f79a9b8.png]
[portal.linkaraby.com/assets/logos/index.html]
[portal.linkaraby.com/assets/logos/015caae6.png]
[portal.linkaraby.com/assets/logos/c45a4584.png]
[portal.linkaraby.com/assets/logos/c881b911.png]
[www.linkaraby.com/accounts/default1/files/ksa-raqi.png]
[portal.linkaraby.com/assets/logos/ffe29534.png]
[portal.linkaraby.com/assets/logos/ede8c425.png]
[portal.linkaraby.com/assets/logos/89e6cd23.png]
[portal.linkaraby.com/assets/logos/1e801bf2.png]
[portal.linkaraby.com/assets/logos/49104d39.png]
[portal.linkaraby.com/assets/logos/da7a40dc.png]
[portal.linkaraby.com/assets/logos/f9322968.png]
[portal.linkaraby.com/assets/logos/8276004b.png]
[portal.linkaraby.com/assets/logos/3e05a0eb.png]
[portal.linkaraby.com/assets/logos/9114f210.png]
[portal.linkaraby.com/assets/logos/de4f7137.png]
[portal.linkaraby.com/assets/logos/3d399370.png]
[portal.linkaraby.com/assets/logos/32851a23.png]
[portal.linkaraby.com/assets/logos/89d52718.png]
[portal.linkaraby.com/assets/logos/de972f9a.png]
[portal.linkaraby.com/assets/logos/34dd969e.png]
[portal.linkaraby.com/assets/logos/71276d41.png]
[portal.linkaraby.com/assets/logos/86aae6b4.png]
[portal.linkaraby.com/assets/logos/0a9b1db1.png]
[portal.linkaraby.com/assets/logos/c44fba07.png]
[portal.linkaraby.com/assets/logos/967cde98.png]
[portal.linkaraby.com/assets/logos/19f15a85.png]
[portal.linkaraby.com/assets/logos/430c0dd8.png]
[portal.linkaraby.com/assets/logos/1b08db16.png]
[portal.linkaraby.com/assets/logos/a4ff548d.png]
[portal.linkaraby.com/assets/logos/6dcca737.jpg]
[portal.linkaraby.com/assets/logos/ea62f474.png]
[portal.linkaraby.com/assets/logos/5bd18d34.png]
[portal.linkaraby.com/assets/logos/5e31d4e8.png]
[portal.linkaraby.com/partners.html]
[portal.linkaraby.com/affiliate.html]
[portal.linkaraby.com/merchant.html]
[portal.linkaraby.com/assets/img/screenshots/app-qr.png]
[portal.linkaraby.com/affiliate-faq.html]
[portal.linkaraby.com/merchant-faq.html]
[portal.linkaraby.com/affiliate/signup.html]
[code.jquery.com/ui/1.13.0/jquery-ui.js]
[www.linkaraby.com/accounts/default1/files/nabtatistore.png]
[portal.linkaraby.com/banners/7dccd4c9.html]
[www.linkaraby.com/accounts/default1/files/a8047378-3c02-40bf-b703-1c7fdc8b87f6-200x.png]
[portal.linkaraby.com/banners/8f58334b.html]
[portal.linkaraby.com/banners/beb53dcc.html]
[portal.linkaraby.com/banners/83262b0a.html]
[www.linkaraby.com/accounts/default1/files/Screen Shot 2021-02-14 at 8.35.35 PM.png]
[portal.linkaraby.com/banners/ce504b0d.html]
[www.linkaraby.com/accounts/default1/files/zid-logo.png]
[portal.linkaraby.com/banners/e862fe20.html]
[portal.linkaraby.com/banners/e9e4f6bd.html]
[www.linkaraby.com/accounts/default1/files/b0ac8d31-bf6f-4388-9791-dc1090025772-200x-1.png]
[portal.linkaraby.com/banners/56530a73.html]
[www.linkaraby.com/accounts/default1/files/eOutlet.png]
[portal.linkaraby.com/banners/337b53d8.html]
[www.linkaraby.com/accounts/default1/files/asra.png]
[portal.linkaraby.com/banners/25388f81.html]
[www.linkaraby.com/accounts/default1/files/wadihalfa.png]
[portal.linkaraby.com/banners/5bc1d483.html]
[www.linkaraby.com/accounts/default1/files/aln7ln.png]
[portal.linkaraby.com/banners/d9315fef.html]
[www.linkaraby.com/accounts/default1/files/reefi.png]
[portal.linkaraby.com/banners/bf1e6383.html]
[portal.linkaraby.com/banners/f2e8bd3e.html]
[www.linkaraby.com/accounts/default1/files/1af1a55a-2289-4326-8b96-ec6c1d297ba7-200x.png]
[portal.linkaraby.com/banners/f7f51330.html]
[www.linkaraby.com/accounts/default1/files/Qasr-alawani-1.png]
[www.linkaraby.com/accounts/default1/files/wlAodV0MubVh6IjeDG6dhU2jIMLuBuBty7fMvc9s.png]
[portal.linkaraby.com/banners/3dcbd2a2.html]
[portal.linkaraby.com/banners/c2f83d02.html]
[www.linkaraby.com/accounts/default1/files/Logo (1).png]
[portal.linkaraby.com/banners/e48be989.html]
[www.linkaraby.com/accounts/default1/files/Capture-4.png]
[portal.linkaraby.com/banners/edc4de5d.html]
[www.linkaraby.com/accounts/default1/files/urpresence.png]
[portal.linkaraby.com/banners/9b4c4022.html]
[portal.linkaraby.com/banners/8f6ad7d2.html]
[www.linkaraby.com/accounts/default1/files/sasura.png]
[portal.linkaraby.com/banners/0dedbaa5.html]
[www.linkaraby.com/accounts/default1/files/barllina.png]
[portal.linkaraby.com/banners/036b5fc7.html]
[www.linkaraby.com/accounts/default1/files/bukhamseenbedding.png]
[portal.linkaraby.com/banners/64afd9ee.html]
[www.linkaraby.com/accounts/default1/files/labayh.png]
[portal.linkaraby.com/banners/dd85af65.html]
[www.linkaraby.com/accounts/default1/files/a84c947f-9f54-4176-b63e-f30ac907acce-200x.jpg]
[portal.linkaraby.com/banners/c333fa53.html]
[www.linkaraby.com/accounts/default1/files/bf693586-2d19-4d83-8fe8-5cf379898fe0-200x.jpg]
[portal.linkaraby.com/banners/c830825f.html]
[www.linkaraby.com/accounts/default1/files/kaf-shop.png]
[portal.linkaraby.com/banners/e272d7eb.html]
[www.linkaraby.com/accounts/default1/files/healthylife.png]
[portal.linkaraby.com/banners/219eacb9.html]
[www.linkaraby.com/accounts/default1/files/markat.png]
[portal.linkaraby.com/banners/668fbf2a.html]
[www.linkaraby.com/accounts/default1/files/eyen.png]
[portal.linkaraby.com/banners/e16aeadd.html]
[www.linkaraby.com/accounts/default1/files/mawaredwater.png]
[portal.linkaraby.com/banners/d815e24d.html]
[www.linkaraby.com/accounts/default1/files/store.almajdtv.png]
[portal.linkaraby.com/banners/6c23a171.html]
[www.linkaraby.com/accounts/default1/files/silken.png]
[portal.linkaraby.com/banners/f214f5ce.html]
[www.linkaraby.com/accounts/default1/files/Bshti.png]
[portal.linkaraby.com/banners/1412a17a.html]
[portal.linkaraby.com/banners/1a499d27.html]
[www.linkaraby.com/accounts/default1/files/eshq.coffee.png]
[portal.linkaraby.com/banners/e2a3fe2e.html]
[www.linkaraby.com/accounts/default1/files/k.png]
[portal.linkaraby.com/banners/0f92bd86.html]
[www.linkaraby.com/accounts/default1/files/shinebeautysa.png]
[portal.linkaraby.com/banners/c1713d5f.html]
[www.linkaraby.com/accounts/default1/files/cropped-Untitled-4-1024x270_360x (1).png]
[portal.linkaraby.com/banners/2b8ad660.html]
[www.linkaraby.com/accounts/default1/files/2ba1b6d1-f28e-4f80-9fd7-d2197459d983-200x.png]
[portal.linkaraby.com/banners/d6765b40.html]
[www.linkaraby.com/accounts/default1/files/0877fe47-5bed-40dc-b4d9-979b40fcd215-200x.png]
[portal.linkaraby.com/banners/f40eef49.html]
[www.linkaraby.com/accounts/default1/files/ce0bc812-7dfc-48a1-a2dd-4d54c7e26190-200x.png]
[portal.linkaraby.com/banners/0374838f.html]
[www.linkaraby.com/accounts/default1/files/horsemattress.png]
[portal.linkaraby.com/banners/8a78cbac.html]
[www.linkaraby.com/accounts/default1/files/3a5b6a29-ce1d-46e0-a64c-c57daa9a3779-200x-1.jpg]
[portal.linkaraby.com/banners/ac62d6c6.html]
[www.linkaraby.com/accounts/default1/files/xZ8ytoYu2TsbyjrPfhzwgwOFSXiu7NsqKO2TIP1b.jpg]
[portal.linkaraby.com/banners/cc936c01.html]
[www.linkaraby.com/accounts/default1/files/afba0ca4-b2b9-4411-8619-28e0e387359c-200x.png]
[portal.linkaraby.com/banners/fd317fb1.html]
[www.linkaraby.com/accounts/default1/files/mlbs.png]
[portal.linkaraby.com/banners/65ee8ee0.html]
[www.linkaraby.com/accounts/default1/files/8QN01Gpxuy4Y8FRUC8DTGgk5q6LEQHWZfvhk70g6.png]
[portal.linkaraby.com/banners/687c20e6.html]
[www.linkaraby.com/accounts/default1/files/debajsa.png]
[portal.linkaraby.com/banners/969dfd34.html]
[portal.linkaraby.com/campaigns2679.html]
[portal.linkaraby.com/campaigns4658.html]
[portal.linkaraby.com/campaigns9ba9.html]
[portal.linkaraby.com/campaignsfdb0.html]
[portal.linkaraby.com/campaignsaf4d.html]
[portal.linkaraby.com/campaignsc575.html]
[portal.linkaraby.com/campaigns235c.html]
[portal.linkaraby.com/campaigns.html]
[portal.linkaraby.com/merchant/signup.html]
[portal.linkaraby.com/campaignsfdfa.html]
[portal.linkaraby.com/assets/img/page-title-4.jpg]
[portal.linkaraby.com/blog/5/قياس-أداء-الحملات-التسويقية.html]
[portal.linkaraby.com/blog/3/تراك-واضح.html]
[portal.linkaraby.com/blog/1/البحث-عن-منتجات-مناسبة-للتسويق-بالعمولة-في-السوق-السعودي-باستخدام-أداة-جوجل-ترندز.html]
[portal.linkaraby.com/blog/2/إنشاء-رابط-مباشر-للتسويق-لمنتج-واحد.html]
[portal.linkaraby.com/blog.html]
[portal.linkaraby.com/assets/img/vat-certificate.svg]
[portal.linkaraby.com/assets/css/owl.video.play.html]
[portal.linkaraby.com/assets/css/AjaxLoader.html]
[portal.linkaraby.com/assets/fonts/font-awesome/fonts/fontawesome-webfont3e6e.svg]
[portal.linkaraby.com/assets/css/icon-close-white.html]
[portal.linkaraby.com/assets/css/blogerb4f7.css]
[portal.linkaraby.com/assets/logos/index.html]
[portal.linkaraby.com/assets/js/toast.min.js]
[portal.linkaraby.com/banners/7dccd4c9.html]
[portal.linkaraby.com/banners/8f58334b.html]
[portal.linkaraby.com/banners/beb53dcc.html]
[portal.linkaraby.com/coupons/apply-for-coupon.html]
[portal.linkaraby.com/banners/83262b0a.html]
[portal.linkaraby.com/banners/ce504b0d.html]
[portal.linkaraby.com/banners/e862fe20.html]
[portal.linkaraby.com/banners/e9e4f6bd.html]
[portal.linkaraby.com/banners/56530a73.html]
[portal.linkaraby.com/banners/337b53d8.html]
[portal.linkaraby.com/banners/25388f81.html]
[portal.linkaraby.com/banners/5bc1d483.html]
[portal.linkaraby.com/banners/d9315fef.html]
[portal.linkaraby.com/banners/bf1e6383.html]
[portal.linkaraby.com/banners/f2e8bd3e.html]
[portal.linkaraby.com/banners/f7f51330.html]
[portal.linkaraby.com/banners/3dcbd2a2.html]
[portal.linkaraby.com/banners/c2f83d02.html]
[portal.linkaraby.com/banners/e48be989.html]
[portal.linkaraby.com/banners/edc4de5d.html]
[portal.linkaraby.com/banners/9b4c4022.html]
[portal.linkaraby.com/banners/8f6ad7d2.html]
[portal.linkaraby.com/banners/0dedbaa5.html]
[portal.linkaraby.com/banners/036b5fc7.html]
[portal.linkaraby.com/banners/64afd9ee.html]
[portal.linkaraby.com/banners/dd85af65.html]
[portal.linkaraby.com/banners/c333fa53.html]
[portal.linkaraby.com/banners/c830825f.html]
[portal.linkaraby.com/banners/e272d7eb.html]
[portal.linkaraby.com/banners/219eacb9.html]
[portal.linkaraby.com/banners/668fbf2a.html]
[portal.linkaraby.com/banners/e16aeadd.html]
[portal.linkaraby.com/banners/d815e24d.html]
[portal.linkaraby.com/banners/6c23a171.html]
[portal.linkaraby.com/banners/f214f5ce.html]
[portal.linkaraby.com/banners/1412a17a.html]
[portal.linkaraby.com/banners/1a499d27.html]
[portal.linkaraby.com/banners/e2a3fe2e.html]
[portal.linkaraby.com/banners/0f92bd86.html]
[portal.linkaraby.com/banners/c1713d5f.html]
[portal.linkaraby.com/banners/2b8ad660.html]
[portal.linkaraby.com/banners/d6765b40.html]
[portal.linkaraby.com/banners/f40eef49.html]
[portal.linkaraby.com/banners/0374838f.html]
[portal.linkaraby.com/banners/8a78cbac.html]
[portal.linkaraby.com/banners/ac62d6c6.html]
[portal.linkaraby.com/banners/cc936c01.html]
[portal.linkaraby.com/banners/fd317fb1.html]
[portal.linkaraby.com/banners/65ee8ee0.html]
[portal.linkaraby.com/banners/687c20e6.html]
[portal.linkaraby.com/banners/969dfd34.html]
[portal.linkaraby.com/campaigns2679.html]
[www.linkaraby.com/accounts/default1/files/manaam.png]
[portal.linkaraby.com/banners/315955d6.html]
[www.linkaraby.com/accounts/default1/files/FsVxnxzElu5SjmBV1Y5t3jTbDX8ivgvRsAma25g0.png]
[portal.linkaraby.com/banners/e0c53c94.html]
[www.linkaraby.com/accounts/default1/files/7b90b617-1395-414e-acb1-f20363b5345b-200x-1.png]
[portal.linkaraby.com/banners/e2157ce7.html]
[www.linkaraby.com/accounts/default1/files/o-slippers.png]
[portal.linkaraby.com/banners/5f3bb6cf.html]
[www.linkaraby.com/accounts/default1/files/logo-01.png]
[portal.linkaraby.com/banners/5ee25449.html]
[www.linkaraby.com/accounts/default1/files/df88c2ac-b4c1-4884-b26b-1d746f0ae3d0-200x.png]
[portal.linkaraby.com/banners/ea6880af.html]
[www.linkaraby.com/accounts/default1/files/aloqiylat.png]
[portal.linkaraby.com/banners/3ecf5f93.html]
[www.linkaraby.com/accounts/default1/files/MdWfjbG5zyqprfOs5qkr7qW96WZfUc73Dt4U2irh.png]
[portal.linkaraby.com/banners/dcf21157.html]
[cdn.salla.sa/eQRBP/EHBInUNhtS6eX0zreduMdZOfa7pThKLQfWP5l4DO.png]
[portal.linkaraby.com/banners/22fabbe9.html]
[www.linkaraby.com/accounts/default1/files/3gDEqY3LY1FuHcm94zX6viR5gt0piatzSSNv78Tm.png]
[portal.linkaraby.com/banners/39291489.html]
[www.linkaraby.com/accounts/default1/files/9qF3fERF6t6X1s0XtzJdlO9X6GlT8cBgeZ6TGDt9.png]
[portal.linkaraby.com/banners/a235d592.html]
[www.linkaraby.com/accounts/default1/files/cc3925d8-8181-4b28-a71d-8ec40f2b2fbe-200x.png]
[portal.linkaraby.com/banners/af301e8e.html]
[www.linkaraby.com/accounts/default1/files/Styli_Logo_En-Ar_Same-width.jpg]
[portal.linkaraby.com/banners/b40e7d03.html]
[www.linkaraby.com/accounts/default1/files/ywIY5nmcsBeUri3CAA5TXsLXx8a0taa3L5eyGNxF.png]
[portal.linkaraby.com/banners/9a2e4596.html]
[www.linkaraby.com/accounts/default1/files/sXsbqfjyAZL9q0BAnyB6GghUtxM6IpIhGnhq93Yf.png]
[portal.linkaraby.com/banners/44f9ea9c.html]
[www.linkaraby.com/accounts/default1/files/kaXidwcbBWsnYg6faZ3Rd85NgFCPzMUkIErsXm8J.png]
[portal.linkaraby.com/banners/52e2b55b.html]
[www.linkaraby.com/accounts/default1/files/7dd42fed-aa22-49f4-ae2a-6c210de8687c-200x.png]
[portal.linkaraby.com/banners/0030c46b.html]
[www.linkaraby.com/accounts/default1/files/assaloon.png]
[portal.linkaraby.com/banners/443a8db6.html]
[www.linkaraby.com/accounts/default1/files/W7jY6TGI9tQYc7WgAyIuKQRNWD409E6GOcIJbl1I.png]
[portal.linkaraby.com/banners/909a7e31.html]
[www.linkaraby.com/accounts/default1/files/IqHs5rPin7GpCoouVKzE96ReCFDXbr8oksUx83GC.png]
[portal.linkaraby.com/banners/44e78dd3.html]
[www.linkaraby.com/accounts/default1/files/zukhrf.png]
[portal.linkaraby.com/banners/9e90ea17.html]
[www.linkaraby.com/accounts/default1/files/lozario.png]
[portal.linkaraby.com/banners/593df42a.html]
[www.linkaraby.com/accounts/default1/files/aposhady.png]
[portal.linkaraby.com/banners/ea3b1d32.html]
[www.linkaraby.com/accounts/default1/files/PQhFTslGXifN5z5HXxLgpnViHtQFhEpyiHfQ6U9K.png]
[portal.linkaraby.com/banners/041c9901.html]
[www.linkaraby.com/accounts/default1/files/cgdze769qtOgkVv9Snwn4dIT5HlbJylaG6PSYNiC.png]
[portal.linkaraby.com/banners/e0deaf34.html]
[portal.linkaraby.com/banners/dd422ba7.html]
[www.linkaraby.com/accounts/default1/files/I8CNdMvwLBUrtqj07YBNC6IhYyw9G3oSGsKKBA9w.png]
[portal.linkaraby.com/banners/c151cfd3.html]
[www.linkaraby.com/accounts/default1/files/royal-dose.png]
[portal.linkaraby.com/banners/7f2172dd.html]
[www.linkaraby.com/accounts/default1/files/bUSoDRJ0Y8eM7dTRRLrLFZa3GHS0tgSBqrf5oEYN.png]
[portal.linkaraby.com/banners/129a0fbf.html]
[www.linkaraby.com/accounts/default1/files/12d690ed-5221-458d-9496-eb5851b34243-200x.png]
[portal.linkaraby.com/banners/a3b35ddf.html]
[www.linkaraby.com/accounts/default1/files/AbCrMz6U11A5yozBUW8ensVEmF54cyXdcgkDMJ9v.png]
[portal.linkaraby.com/banners/75928217.html]
[www.linkaraby.com/accounts/default1/files/WEciyfgig5A0mTx6H0fy8NkNXht6bmI2iJbNgMNn.png]
[portal.linkaraby.com/banners/742b9811.html]
[www.linkaraby.com/accounts/default1/files/f1b555ae-b1ca-46db-a26c-a6e5487e07c1-200x.png]
[portal.linkaraby.com/banners/0e9b1ca1.html]
[www.linkaraby.com/accounts/default1/files/2QNOFO6nPM2KdpsZlPaO8jiAqa8TJZiHFZYbaUiv-1.png]
[portal.linkaraby.com/banners/d0ac5103.html]
[www.linkaraby.com/accounts/default1/files/a131d32f-7f5a-4915-8b7b-e36d3d00d7fe-200x.png]
[portal.linkaraby.com/banners/a11c16d8.html]
[www.linkaraby.com/accounts/default1/files/Picture1-4.png]
[portal.linkaraby.com/banners/194312f1.html]
[www.linkaraby.com/accounts/default1/files/dAhPeYq2Neyt9L9HiSeCrWhZzrOkAbt4ixLzBD5h.png]
[portal.linkaraby.com/banners/c95b21c3.html]
[www.linkaraby.com/accounts/default1/files/v7QlAjkOOt4heK84gNAKIS8ySz8NMrNYSbQjN50g.png]
[portal.linkaraby.com/banners/c88452a4.html]
[www.linkaraby.com/accounts/default1/files/5Y12ajcV3WmaNs2YYKnHuoozHZJmw7MnPggBY64m-1.png]
[portal.linkaraby.com/banners/b8969696.html]
[www.linkaraby.com/accounts/default1/files/nAxY9piLniaUwCPzktVC9VtA2kxFTKO392rJrxCY.png]
[portal.linkaraby.com/banners/6d64233e.html]
[www.linkaraby.com/accounts/default1/files/cuJ9szg2eYINGDq6Ynqf4HSFG8JzExKTJWDmN2Fd.png]
[portal.linkaraby.com/banners/e82b7300.html]
[www.linkaraby.com/accounts/default1/files/eGVBB3mrL0G3Ct6qa8366eixij0u6vJcKqGDB1DX.png]
[portal.linkaraby.com/banners/ea1fab68.html]
[www.linkaraby.com/accounts/default1/files/21c01f0e-5a9c-4d37-b938-b36ba9db723e-200x.png]
[portal.linkaraby.com/banners/20770634.html]
[www.linkaraby.com/accounts/default1/files/didnvSpJgoSGCmt8RhRxUORQsG11Bck7LdbdtGnU.png]
[portal.linkaraby.com/banners/43120f5d.html]
[www.linkaraby.com/accounts/default1/files/ONoUo8q9fMdO5aiTWEXA1EJJZncWuUmlVjwQzmY5.jpg]
[portal.linkaraby.com/banners/a5290c96.html]
[www.linkaraby.com/accounts/default1/files/fkrah7store.png]
[portal.linkaraby.com/banners/7474298f.html]
[www.linkaraby.com/accounts/default1/files/vKYvIwcbmHvd54ZEgL1LviK9dFM3dhrtQ0sIaMtq.png]
[portal.linkaraby.com/banners/4bda9580.html]
[www.linkaraby.com/accounts/default1/files/tallahshop.png]
[portal.linkaraby.com/banners/e5cee786.html]
[www.linkaraby.com/accounts/default1/files/thanayastore.png]
[portal.linkaraby.com/banners/b779092b.html]
[www.linkaraby.com/accounts/default1/files/8985f6cb-14c5-4018-9553-fd2c1cdc2d9e-200x.png]
[portal.linkaraby.com/banners/10dd3f1d.html]
[portal.linkaraby.com/campaigns4658.html]
[www.linkaraby.com/accounts/default1/files/iTfRsZiYSm3ayHozt9jM7WuVQzCegXZHum6CX8qt.png]
[portal.linkaraby.com/banners/28403a50.html]
[www.linkaraby.com/accounts/default1/files/1otyg2JzmtM549ZuFTPHUCrJTFLqONMVtW8i3o67.png]
[portal.linkaraby.com/banners/ba46f042.html]
[portal.linkaraby.com/banners/729824dc.html]
[www.linkaraby.com/accounts/default1/files/oEvFl9bSA4LtxpfpRyyXH9BbClmRhx2M1pFaweTF-1.png]
[portal.linkaraby.com/banners/c97fe6c5.html]
[portal.linkaraby.com/banners/1027f4dc.html]
[www.linkaraby.com/accounts/default1/files/6f33aeb2-fa89-408e-8bac-7959fbd40922-200x (1).jpg]
[portal.linkaraby.com/banners/d59ab228.html]
[www.linkaraby.com/accounts/default1/files/2KBgle0iEOHjbnKSDWPUWjJHOxWPDLU6TnmpWtJf.png]
[portal.linkaraby.com/banners/f9fc9431.html]
[www.linkaraby.com/accounts/default1/files/oApF6E9VJsA6DS2ENEKhiQyZquuigzJWtW5WSCB6.jpg]
[portal.linkaraby.com/banners/54992b8e.html]
[www.linkaraby.com/accounts/default1/files/halawahbeauty.png]
[portal.linkaraby.com/banners/6e81acc8.html]
[www.linkaraby.com/accounts/default1/files/2525EzcsHStROOb3NojU2N05Rhd0YgWcmbvW9zL5-1.png]
[portal.linkaraby.com/banners/bc1eaf8f.html]
[www.linkaraby.com/accounts/default1/files/19767691-aa4c-4c39-983b-42c891c56b83-200x.png]
[portal.linkaraby.com/banners/556de819.html]
[www.linkaraby.com/accounts/default1/files/hana.png]
[portal.linkaraby.com/banners/0915e5da.html]
[www.linkaraby.com/accounts/default1/files/5hiJytBhPiRmXWZ50OJUkVELcH0WYXaEPSgt1II8.png]
[portal.linkaraby.com/banners/1fa4325c.html]
[www.linkaraby.com/accounts/default1/files/uniformplues.png]
[portal.linkaraby.com/banners/6ae1fe16.html]
[portal.linkaraby.com/banners/135e2e90.html]
[www.linkaraby.com/accounts/default1/files/Capture-6.png]
[portal.linkaraby.com/banners/06b03825.html]
[www.linkaraby.com/accounts/default1/files/sulindastore.png]
[portal.linkaraby.com/banners/e93c74b7.html]
[www.linkaraby.com/accounts/default1/files/e94d3c01-90fe-4f32-8414-dfd846d88659-200x.png]
[portal.linkaraby.com/banners/552a7efb.html]
[www.linkaraby.com/accounts/default1/files/J3Gn8kl0q6CYBTBrvEF1pYsvh1hHSZWNjl6wKpAI-1.png]
[portal.linkaraby.com/banners/26300091.html]
[www.linkaraby.com/accounts/default1/files/00fed12b-d2a3-4be0-b7af-3a0347d47f22-200x.jpg]
[portal.linkaraby.com/banners/9e885bff.html]
[www.linkaraby.com/accounts/default1/files/22672f9c-c6c7-49d3-98f3-1f7d91063f78-200x.png]
[portal.linkaraby.com/banners/b19f7e37.html]
[www.linkaraby.com/accounts/default1/files/sawaaid.png]
[portal.linkaraby.com/banners/e96f41d8.html]
[www.linkaraby.com/accounts/default1/files/1b50e84d-d611-410f-a24a-5e7eb5bddb7b-200x.png]
[portal.linkaraby.com/banners/d2f90676.html]
[www.linkaraby.com/accounts/default1/files/eb1d2b98-c5f3-495a-86aa-5001cbed2aa2-200x.png]
[portal.linkaraby.com/banners/a8478f9e.html]
[www.linkaraby.com/accounts/default1/files/41abfd89-e97b-4cdf-9b08-2aadb2566cbb-200x.png]
[portal.linkaraby.com/banners/89c241c2.html]
[www.linkaraby.com/accounts/default1/files/Capture-7.png]
[portal.linkaraby.com/banners/9eedff7f.html]
[www.linkaraby.com/accounts/default1/files/uUkfxPX9tSjQZYB6rL3h6MErkUH49FBsj3jmtpSU.png]
[portal.linkaraby.com/banners/d750ecb7.html]
[www.linkaraby.com/accounts/default1/files/Untitled-1-1.png]
[portal.linkaraby.com/banners/b89aa7c4.html]
[www.linkaraby.com/accounts/default1/files/alarbashjew.png]
[portal.linkaraby.com/banners/958366a6.html]
[www.linkaraby.com/accounts/default1/files/wWqZi4hWtviuR0mUhGch8PdO6uulgDSK3qSQEHc1.png]
[portal.linkaraby.com/banners/3219e2c1.html]
[www.linkaraby.com/accounts/default1/files/19462d46-b361-4348-9b6f-2928940faff7-200x.png]
[portal.linkaraby.com/banners/b2c183dc.html]
[www.linkaraby.com/accounts/default1/files/TP248h9fYUIqAr6pov7uaVYy3o26SjD7xdICWit9.png]
[portal.linkaraby.com/banners/b08701d4.html]
[www.linkaraby.com/accounts/default1/files/NkHkLIP05LY5XaqVis144Rtsb9f1CTAP2PmBTpzG.png]
[portal.linkaraby.com/banners/55279f68.html]
[www.linkaraby.com/accounts/default1/files/CoxR3BrmJepMSAQJCrKmx6A9ICSALzOXYSVDSHSu.png]
[portal.linkaraby.com/banners/483c410a.html]
[www.linkaraby.com/accounts/default1/files/asliksa.png]
[portal.linkaraby.com/banners/2495ec29.html]
[www.linkaraby.com/accounts/default1/files/9169882b-29ff-4c08-b43c-9afc338fe6ef-200x.png]
[portal.linkaraby.com/banners/1a63f4ba.html]
[www.linkaraby.com/accounts/default1/files/aij41nCsOtAKJQXOmmQUROQp3mfb6qE2FkBNvJ5j.png]
[portal.linkaraby.com/banners/3b92bb5e.html]
[www.linkaraby.com/accounts/default1/files/wSC3AVnJN2wP8Q2cG2ADZ06Azi9ZMj8wnnN3JB03.png]
[portal.linkaraby.com/banners/964e7365.html]
[www.linkaraby.com/accounts/default1/files/8PFf0tjdG7UV5CPVaCeAYoaaLVhCENCejkC9v5My-1.png]
[portal.linkaraby.com/banners/cd29100d.html]
[www.linkaraby.com/accounts/default1/files/7c7aed97-3e1e-40fb-8660-94e48cacab11.jpg]
[portal.linkaraby.com/banners/3538f168.html]
[www.linkaraby.com/accounts/default1/files/ebad77b9-e888-45d3-98cb-d8c5161375a0-200x.jpg]
[portal.linkaraby.com/banners/0047b73b.html]
[www.linkaraby.com/accounts/default1/files/3c60879d-a0ca-40de-936f-339efc4bc9c6-200x.png]
[portal.linkaraby.com/banners/1108287a.html]
[www.linkaraby.com/accounts/default1/files/fOpAxtdtibmRPfif2VFxz9YirYfnBo9JsiaGH6RR.png]
[portal.linkaraby.com/banners/1d482333.html]
[www.linkaraby.com/accounts/default1/files/haifco.png]
[portal.linkaraby.com/banners/29021b05.html]
[www.linkaraby.com/accounts/default1/files/bb594803-e681-4814-947b-33a3bf9a2118-200x.jpg]
[portal.linkaraby.com/banners/8911e986.html]
[www.linkaraby.com/accounts/default1/files/f7696df8-8898-4795-8206-d3a7da6aa742-200x.jpg]
[portal.linkaraby.com/banners/957be785.html]
[www.linkaraby.com/accounts/default1/files/yooqI4Iv9fAnqinnpnlfcB0tjaLOnUfvTnNCubsL.png]
[portal.linkaraby.com/banners/0b4a1785.html]
[www.linkaraby.com/accounts/default1/files/sVXVigrrx99bie0nDzTvoAWQ1JGaMVVU9UXL7pNm-1.png]
[portal.linkaraby.com/banners/3fb8b76c.html]
[www.linkaraby.com/accounts/default1/files/nafahat.png]
[portal.linkaraby.com/banners/f4a54729.html]
[www.linkaraby.com/accounts/default1/files/3SIuVb2ubzt8m1J6cwMLGRYLVCH8Yju2kbXP0tn8.png]
[portal.linkaraby.com/banners/70068de3.html]
[portal.linkaraby.com/campaigns9ba9.html]
[www.linkaraby.com/accounts/default1/files/tiptop-ksa.png]
[portal.linkaraby.com/banners/f850d64a.html]
[www.linkaraby.com/accounts/default1/files/clearvisionksa.png]
[portal.linkaraby.com/banners/b6454a74.html]
[www.linkaraby.com/accounts/default1/files/Picture1-1.png]
[portal.linkaraby.com/banners/34b1744d.html]
[www.linkaraby.com/accounts/default1/files/ashkalstore.com.png]
[portal.linkaraby.com/banners/263ded1d.html]
[www.linkaraby.com/accounts/default1/files/qimmati.png]
[portal.linkaraby.com/banners/4376a921.html]
[www.linkaraby.com/accounts/default1/files/Na0xlfXYqEc3Z655vbXkCfqtP9RooroPwC2BmUWl.png]
[portal.linkaraby.com/banners/f07fa075.html]
[www.linkaraby.com/accounts/default1/files/zaffer.png]
[portal.linkaraby.com/banners/ed0a07e2.html]
[www.linkaraby.com/accounts/default1/files/almatayb.png]
[portal.linkaraby.com/banners/b3f06019.html]
[www.linkaraby.com/accounts/default1/files/as-dam.png]
[portal.linkaraby.com/banners/01e3be75.html]
[www.linkaraby.com/accounts/default1/files/rashfhalma.png]
[portal.linkaraby.com/banners/02a65147.html]
[www.linkaraby.com/accounts/default1/files/37e5ef8f-5edc-4cf5-ae67-66806a551cde-200x.png]
[portal.linkaraby.com/banners/42c74ee5.html]
[www.linkaraby.com/accounts/default1/files/h6qFHPkPnubfkbDAMYV7wiMIi2675ULBLMx4Efxg.png]
[portal.linkaraby.com/banners/edafd2f6.html]
[www.linkaraby.com/accounts/default1/files/afafjewellery.png]
[portal.linkaraby.com/banners/6b200c89.html]
[www.linkaraby.com/accounts/default1/files/5ed96503-6a85-42a4-a4f7-161caba77c93-200x.png]
[portal.linkaraby.com/banners/3a940a08.html]
[www.linkaraby.com/accounts/default1/files/a6b68051-6581-4d82-b0aa-2838ed1dfe17-200x.png]
[portal.linkaraby.com/banners/d309f45d.html]
[www.linkaraby.com/accounts/default1/files/waknn.png]
[portal.linkaraby.com/banners/ddb1d291.html]
[www.linkaraby.com/accounts/default1/files/Goods2.png]
[portal.linkaraby.com/banners/7958e8e4.html]
[www.linkaraby.com/accounts/default1/files/77184ab7-7124-4ceb-8f68-9e3c574c2c29-200x.png]
[portal.linkaraby.com/banners/b22d63ca.html]
[www.linkaraby.com/accounts/default1/files/the9stars.png]
[portal.linkaraby.com/banners/ea7ebd51.html]
[www.linkaraby.com/accounts/default1/files/f27b00e2-f030-42b7-924f-217b49f15480-200x.png]
[portal.linkaraby.com/banners/7732e9b1.html]
[www.linkaraby.com/accounts/default1/files/goldenshilajit.png]
[portal.linkaraby.com/banners/78bc24ea.html]
[www.linkaraby.com/accounts/default1/files/3oYqWid4GCO8QpgygpXpYKN9eD1Z5ea91lFPETbg.png]
[portal.linkaraby.com/banners/db9b4229.html]
[www.linkaraby.com/accounts/default1/files/Capture-3.png]
[portal.linkaraby.com/banners/64599347.html]
[www.linkaraby.com/accounts/default1/files/perfeect.png]
[portal.linkaraby.com/banners/ee9a3c8d.html]
[www.linkaraby.com/accounts/default1/files/af6ec475-c1b0-4b17-9a2c-5808e872c0f0-200x.png]
[portal.linkaraby.com/banners/15d4f6d6.html]
[www.linkaraby.com/accounts/default1/files/ajmal3tr.png]
[portal.linkaraby.com/banners/0488e70d.html]
[www.linkaraby.com/accounts/default1/files/albayttextiles.png]
[portal.linkaraby.com/banners/b2988409.html]
[www.linkaraby.com/accounts/default1/files/tUZnfCU5I8Nt5C10QngnfydJR2oDm7VjQQYoMkMJ.png]
[portal.linkaraby.com/banners/b449dc35.html]
[www.linkaraby.com/accounts/default1/files/8416d54c-4953-4980-afea-f14261f444c7-200x.png]
[portal.linkaraby.com/banners/788b24b5.html]
[www.linkaraby.com/accounts/default1/files/5994ca76-1541-4eaa-b2d1-b22af8e8d4d6-200x.jpg]
[portal.linkaraby.com/banners/b0a33d7e.html]
[www.linkaraby.com/accounts/default1/files/fitshopsa.png]
[portal.linkaraby.com/banners/439a4287.html]
[www.linkaraby.com/accounts/default1/files/mshalh.png]
[portal.linkaraby.com/banners/4d644360.html]
[www.linkaraby.com/accounts/default1/files/oudti.png]
[portal.linkaraby.com/banners/def1dac1.html]
[www.linkaraby.com/accounts/default1/files/mostalzamat.png]
[portal.linkaraby.com/banners/d6abe9f9.html]
[www.linkaraby.com/accounts/default1/files/3957f878-e554-4ab6-bae1-9476641d7963-200x.png]
[portal.linkaraby.com/banners/a9a04a8f.html]
[www.linkaraby.com/accounts/default1/files/f22d70ad-4e95-4b58-b707-627823b9d2ce-200x.png]
[portal.linkaraby.com/banners/237b9b9c.html]
[www.linkaraby.com/accounts/default1/files/tatonf.png]
[portal.linkaraby.com/banners/be35260a.html]
[www.linkaraby.com/accounts/default1/files/yan.sa.png]
[portal.linkaraby.com/banners/29e6f6b6.html]
[www.linkaraby.com/accounts/default1/files/qozama.png]
[portal.linkaraby.com/banners/a90ce38e.html]
[www.linkaraby.com/accounts/default1/files/81a0b925-c0cc-4897-ba2d-7213646a58ea-200x.png]
[portal.linkaraby.com/banners/eb0a2e4c.html]
[www.linkaraby.com/accounts/default1/files/orkonalina.png]
[portal.linkaraby.com/banners/5ac1bc03.html]
[www.linkaraby.com/accounts/default1/files/1kZCUSnR7figRW14yvPBVFllA259BYeREOJl5Oys.png]
[portal.linkaraby.com/banners/1a91e276.html]
[www.linkaraby.com/accounts/default1/files/basiqathamar.png]
[portal.linkaraby.com/banners/b2719837.html]
[www.linkaraby.com/accounts/default1/files/no68HpkHZpY6CDLFIgXFfwKBoJtAJu7VhCk2nQv7.png]
[portal.linkaraby.com/banners/6e465fe5.html]
[www.linkaraby.com/accounts/default1/files/logoar_1_150x100.png]
[portal.linkaraby.com/banners/8f602a79.html]
[www.linkaraby.com/accounts/default1/files/1E1H26U0hwb29mAZ42M5y4zbGWYzV47ZsKE6n6fr_130x100-1.png]
[portal.linkaraby.com/banners/39abfba0.html]
[www.linkaraby.com/accounts/default1/files/868aaad2-6ef3-4d44-858b-7e82d05ad5eb-200x.png]
[portal.linkaraby.com/banners/5db0b271.html]
[www.linkaraby.com/accounts/default1/files/60Yum2W4Y7SGurzTvrKPf3pG9jlkX0Blr60iPjhd.png]
[portal.linkaraby.com/banners/37821455.html]
[www.linkaraby.com/accounts/default1/files/281onwv5JJ04ZEii8EbYKHZRcboGFX4ScJx0IiAY.png]
[portal.linkaraby.com/banners/49f8a1b9.html]
[www.linkaraby.com/accounts/default1/files/dd98fc56-e3ac-491f-bdfc-b1f46e60dbcf-200x.png]
[portal.linkaraby.com/banners/17136581.html]
[portal.linkaraby.com/campaignsfdb0.html]
[www.linkaraby.com/accounts/default1/files/A0E6Ix0YKBtFvx71IHBEEQ8MBei5B4ngD1RXOK3J_.png]
[portal.linkaraby.com/banners/b770b954.html]
[www.linkaraby.com/accounts/default1/files/N68iczU1qNo7cvkfFis2Oi7zN0CS3bUfpH7aDXMl.png]
[portal.linkaraby.com/banners/fa367739.html]
[www.linkaraby.com/accounts/default1/files/XldIPvSKdndipz121LrFfGaJ4lErBnoE93VeBBkZ.png]
[portal.linkaraby.com/banners/1204bba9.html]
[www.linkaraby.com/accounts/default1/files/store-rise.png]
[portal.linkaraby.com/banners/fd752727.html]
[www.linkaraby.com/accounts/default1/files/8PLXu9yleQEteJXAQNaB5v5RVOz2g3OEIwhGR5xB.png]
[portal.linkaraby.com/banners/901f1be3.html]
[www.linkaraby.com/accounts/default1/files/eb67fa90-f9ac-47f8-9e25-16bc8ca07251-200x.png]
[portal.linkaraby.com/banners/20993609.html]
[www.linkaraby.com/accounts/default1/files/bb55d530-4b72-4993-b223-36f84f4b4ada-200x.png]
[portal.linkaraby.com/banners/1a8d0328.html]
[www.linkaraby.com/accounts/default1/files/PljqhHji9kK1eh1hN6taZrAGXMiZRHpt8Ih26HvE.png]
[portal.linkaraby.com/banners/48cab398.html]
[www.linkaraby.com/accounts/default1/files/40424e12-debf-4fc7-8acc-59a6bd84cc5d-200x.png]
[portal.linkaraby.com/banners/f17a4969.html]
[www.linkaraby.com/accounts/default1/files/lNHoP4lR9C5TlzCNZupLPHHs1I7HSxhnWDrxRzbV.png]
[portal.linkaraby.com/banners/4f214c50.html]
[www.linkaraby.com/accounts/default1/files/leshosa.png]
[portal.linkaraby.com/banners/e64bb06f.html]
[www.linkaraby.com/accounts/default1/files/xmhbiRgs9LwF3aKk9bp4KErovh6c7EeLM4RMDSsw.png]
[portal.linkaraby.com/banners/8734043e.html]
[www.linkaraby.com/accounts/default1/files/fwrooms.png]
[portal.linkaraby.com/banners/598b44c2.html]
[www.linkaraby.com/accounts/default1/files/60427c3d-133f-40a2-93dd-ace5f205ca0d-200x.png]
[portal.linkaraby.com/banners/17bd2fc0.html]
[www.linkaraby.com/accounts/default1/files/udMxaNqECoM5n9CApQnmjptMs3lionK1NHhARPwd.png]
[portal.linkaraby.com/banners/41a6b171.html]
[www.linkaraby.com/accounts/default1/files/gaga.png]
[portal.linkaraby.com/banners/206b8a9e.html]
[www.linkaraby.com/accounts/default1/files/logo-3.png]
[portal.linkaraby.com/banners/6456c7a6.html]
[www.linkaraby.com/accounts/default1/files/87c020b1-9f16-4c29-a6ca-e8b80efce99a-200x.png]
[portal.linkaraby.com/banners/bcfb5109.html]
[www.linkaraby.com/accounts/default1/files/e3fda206-bfce-4c54-9123-93c2b4c6dfb3-200x.png]
[portal.linkaraby.com/banners/8609345f.html]
[www.linkaraby.com/accounts/default1/files/NO1pitWPNrLEy0sDhG0YHcYhtaSg0QiNdJ5UuIZS.png]
[portal.linkaraby.com/banners/02b0e24f.html]
[www.linkaraby.com/accounts/default1/files/ohuyTdsCj3Zxzui4etw3OtfW2l18MEtmaFbXrrUC.png]
[portal.linkaraby.com/banners/ec115ad1.html]
[www.linkaraby.com/accounts/default1/files/5b078e9c-d02b-4b3f-962d-b377f07efa9c-200x.png]
[portal.linkaraby.com/banners/07d51b39.html]
[www.linkaraby.com/accounts/default1/files/db45051a-3445-468b-b05c-d1742f169820-200x.png]
[portal.linkaraby.com/banners/131c1f4b.html]
[www.linkaraby.com/accounts/default1/files/8c1KXDS9AiDGYX2ounn9gAPiQov7kvZduNBpVMUA.png]
[portal.linkaraby.com/banners/26d2c884.html]
[www.linkaraby.com/accounts/default1/files/skypinz.png]
[portal.linkaraby.com/banners/6c2be369.html]
[www.linkaraby.com/accounts/default1/files/af042e7c-ef97-4f97-a8fb-14ca7009a5f5-200x.png]
[portal.linkaraby.com/banners/14fd4fdf.html]
[www.linkaraby.com/accounts/default1/files/7Iq3l0RZx0GFNhD04MKBr58S6IHQfuJzPghbyjXU.png]
[portal.linkaraby.com/banners/07b92894.html]
[www.linkaraby.com/accounts/default1/files/mhir.png]
[www.linkaraby.com/accounts/default1/files/cw4yDGJlPOELm9LtFaJnHYCDdCEj6LxQilPXyf4u.png]
[portal.linkaraby.com/banners/4f8b75da.html]
[portal.linkaraby.com/banners/bb1ca1ae.html]
[www.linkaraby.com/accounts/default1/files/Gi1PB6izvQ4F1tI2kFZ3JJioHV6w4NPzDAFZw4Gj.png]
[portal.linkaraby.com/banners/d38bb6f5.html]
[www.linkaraby.com/accounts/default1/files/HF5kIpRWTTZhjiJahb4fWQ8vkwojwlhrz1MCLHhS.jpg]
[portal.linkaraby.com/banners/dec42e70.html]
[www.linkaraby.com/accounts/default1/files/logo_300x300.png]
[portal.linkaraby.com/banners/8bceffae.html]
[www.linkaraby.com/accounts/default1/files/Jp1y9BW6VQS13qyjbIYaRpWjCV5Mg60apRWCgRXT.png]
[portal.linkaraby.com/banners/05e670e1.html]
[www.linkaraby.com/accounts/default1/files/cCURl5exO7yxI5a8ZDPDRj6WZP73xoKzVy4zMFAn.png]
[portal.linkaraby.com/banners/7d9b0eb6.html]
[www.linkaraby.com/accounts/default1/files/suds-01.png]
[portal.linkaraby.com/banners/04aeeac4.html]
[www.linkaraby.com/accounts/default1/files/7229e939-b22c-4694-b28e-7320442324d7-200x.png]
[portal.linkaraby.com/banners/0564f901.html]
[www.linkaraby.com/accounts/default1/files/b479f75e-0271-48a1-bfbe-b95ae784c69b-200x-1.jpg]
[portal.linkaraby.com/banners/c119bbe4.html]
[www.linkaraby.com/accounts/default1/files/NTV7Zv9vSjnsyCxdMiF2SHlGMMbDYXVcoiOWbkda.jpg]
[portal.linkaraby.com/banners/c8a2bac6.html]
[www.linkaraby.com/accounts/default1/files/YwBw0iEUM2e9CaLk4L6IgsvwkcRoaJ0ADq7ejKMb.png]
[portal.linkaraby.com/banners/37ca9f46.html]
[www.linkaraby.com/accounts/default1/files/faaa9655-46c8-4b8a-8a78-97393f64b75b-200x.png]
[portal.linkaraby.com/banners/2385e790.html]
[www.linkaraby.com/accounts/default1/files/HhxGNpA2iBLzaeOqb4mkfWs39O6maX6PRW1XTncF.png]
[portal.linkaraby.com/banners/df9332d8.html]
[www.linkaraby.com/accounts/default1/files/9hpdJAJtwQGeygM6VCKXoF92KvXKWX2ubxCh3Zks.png]
[portal.linkaraby.com/banners/0d576cb6.html]
[www.linkaraby.com/accounts/default1/files/dAeZ47ZETlxLxCTo54CjMf94COJgqILaKFx6NwFb (1).png]
[portal.linkaraby.com/banners/be7a1b87.html]
[www.linkaraby.com/accounts/default1/files/86591893-7cb5-43a5-bf73-5e83a736f453-200x.jpg]
[portal.linkaraby.com/banners/9c6cca58.html]
[www.linkaraby.com/accounts/default1/files/tuh6Sv5TUgtEAvz71uONMiDGsj6lMR1ftVBuOSnX.png]
[portal.linkaraby.com/banners/13e1745d.html]
[www.linkaraby.com/accounts/default1/files/9885e22b-d191-45c7-9758-6dd056d6e85b-200x.png]
[portal.linkaraby.com/banners/a6263ee5.html]
[www.linkaraby.com/accounts/default1/files/AF2KPKnWLUSBginuNVkIUZtWaGbBQkHrfdNB0ceM.png]
[portal.linkaraby.com/banners/eafbc018.html]
[www.linkaraby.com/accounts/default1/files/yCZ1ufEtt4JQ0UPNuRHWEAjsMrO1r5udGGXepUjk.png]
[portal.linkaraby.com/banners/b6848dd5.html]
[www.linkaraby.com/accounts/default1/files/beautyinloveshop new.png]
[portal.linkaraby.com/banners/a5f2ca43.html]
[portal.linkaraby.com/banners/f434a492.html]
[portal.linkaraby.com/campaignsaf4d.html]
[www.linkaraby.com/accounts/default1/files/0620ba8c-783a-4632-89c7-dcc20b5118e6-200x.png]
[portal.linkaraby.com/banners/b550059e.html]
[www.linkaraby.com/accounts/default1/files/5ad3b6fc-a7f1-484f-ac3f-452968680b37-200x (1).jpg]
[portal.linkaraby.com/banners/6e127c0c.html]
[www.linkaraby.com/accounts/default1/files/1d16799f-a252-4f7e-8eba-ee8138b9b375-200x.png]
[portal.linkaraby.com/banners/123d3865.html]
[www.linkaraby.com/accounts/default1/files/M8fBm6yzC5B2Tq766heFb6koKriwwI8zXRAvrLwb-1.png]
[portal.linkaraby.com/banners/0cef7cbe.html]
[www.linkaraby.com/accounts/default1/files/oqvz7eY9JiNXdC3DKKE9J7zT96DqSkXS2jqPPPWb.png]
[portal.linkaraby.com/banners/af4a6459.html]
[www.linkaraby.com/accounts/default1/files/xjJJaEwpVmFmzXzBdbiNYUOhXxuMKxjLMexTE8CY.png]
[portal.linkaraby.com/banners/63578c01.html]
[www.linkaraby.com/accounts/default1/files/KdY96En7c9TZGkLhNBSWYW7AOUruXGnEzuuxA1kq.png]
[portal.linkaraby.com/banners/544c1201.html]
[www.linkaraby.com/accounts/default1/files/75ecb54c-0b74-4fc8-8087-8e3ff6527693-200x.png]
[portal.linkaraby.com/banners/22c00f01.html]
[www.linkaraby.com/accounts/default1/files/MkU7PwVlywNZ6L1nKvZBTSTtATAAXYAPJoREvjYF.png]
[portal.linkaraby.com/banners/a7b17e4a.html]
[www.linkaraby.com/accounts/default1/files/Picture1-5.png]
[portal.linkaraby.com/banners/857f0dce.html]
[www.linkaraby.com/accounts/default1/files/scent4me 33.png]
[portal.linkaraby.com/banners/168d6ced.html]
[www.linkaraby.com/accounts/default1/files/ قنديلي-8 (1).png]
[portal.linkaraby.com/banners/2487427f.html]
[www.linkaraby.com/accounts/default1/files/the-right-way-sa.png]
[portal.linkaraby.com/banners/f0ad10ce.html]
[www.linkaraby.com/accounts/default1/files/wMNi3OXMhQbXqcuZ80pPjumEHYrYW7NiEzeGIqpI.jpg]
[portal.linkaraby.com/banners/ce3c7dd2.html]
[www.linkaraby.com/accounts/default1/files/CwdR6OZVNRI19gmXz4ZwHNYNfNE808BKd7ugEJB1.png]
[portal.linkaraby.com/banners/28cdc859.html]
[www.linkaraby.com/accounts/default1/files/ee6c55a0-4fd9-40e9-aada-379072869465-200x.png]
[portal.linkaraby.com/banners/0fb96372.html]
[www.linkaraby.com/accounts/default1/files/3tmBL6MRhsurHr9R3UmwosDfszu0ihmtQDnRlXFI.png]
[portal.linkaraby.com/banners/d62ab85c.html]
[www.linkaraby.com/accounts/default1/files/4be721e0-c675-4cf9-b1dd-27effba9cfcd-200x.png]
[portal.linkaraby.com/banners/6fc672cd.html]
[www.linkaraby.com/accounts/default1/files/dd838528-f5e3-4dcb-82e9-e947623153d9-200x.png]
[portal.linkaraby.com/banners/45fb50f7.html]
[www.linkaraby.com/accounts/default1/files/36927cc9-dc90-430a-8dc5-5b3b6915452d-200x.jpg]
[portal.linkaraby.com/banners/03f77585.html]
[www.linkaraby.com/accounts/default1/files/4f7c7250-5abd-4261-9e7f-69730d520900-200x.png]
[portal.linkaraby.com/banners/817656d1.html]
[www.linkaraby.com/accounts/default1/files/2293034d-0500-40a2-9a94-fbdae6a8c8ed-200x.png]
[portal.linkaraby.com/banners/7e217e14.html]
[portal.linkaraby.com/banners/5efea928.html]
[www.linkaraby.com/accounts/default1/files/0AUYJya8VRhdkO7FKVhBknIDUrF37TIaQpO6XtG1.png]
[portal.linkaraby.com/banners/c1c55f23.html]
[www.linkaraby.com/accounts/default1/files/3a0e1b2a-ff3d-4495-9c76-f6841a112447-200x.png]
[portal.linkaraby.com/banners/8885017d.html]
[www.linkaraby.com/accounts/default1/files/CvNKjP28kAfOaBk8eghHC3uAVPD69HOvWSHGqTwG-1.png]
[portal.linkaraby.com/banners/092ad820.html]
[www.linkaraby.com/accounts/default1/files/1-1.png]
[portal.linkaraby.com/banners/2de578ee.html]
[www.linkaraby.com/accounts/default1/files/a09df311-0d3c-4ecd-a42f-0adde1bc13c4-200x.png]
[portal.linkaraby.com/banners/c8f9c956.html]
[www.linkaraby.com/accounts/default1/files/60ea8ed7-5a6c-4b90-b32c-122e5e667214-200x.jpg]
[portal.linkaraby.com/banners/100face6.html]
[www.linkaraby.com/accounts/default1/files/3e7de81a-b1c9-4e94-b451-c7a30c3241f0-200x.png]
[portal.linkaraby.com/banners/e1abcf03.html]
[www.linkaraby.com/accounts/default1/files/ghazlworld.png]
[portal.linkaraby.com/banners/f605f518.html]
[www.linkaraby.com/accounts/default1/files/b2e141ed-21b3-4554-be6b-7af326db41b4-200x.png]
[portal.linkaraby.com/banners/9e233d10.html]
[www.linkaraby.com/accounts/default1/files/3LOavMWwraPC51xK0b822wVVZNIf7mUStkIjIbJq.png]
[portal.linkaraby.com/banners/3ecab7fa.html]
[www.linkaraby.com/accounts/default1/files/9b4d4ffb-fae3-4d46-854d-ed897037ebfb-200x.png]
[portal.linkaraby.com/banners/7e245428.html]
[www.linkaraby.com/accounts/default1/files/c3bc85d0-259b-40e0-aa21-6b73322c83b1.png]
[portal.linkaraby.com/banners/8e792723.html]
[www.linkaraby.com/accounts/default1/files/cIw57BOoJ4GuePMLDijs68FjfJVxuMgxq4jBYaHO.png]
[portal.linkaraby.com/banners/220d6cc5.html]
[www.linkaraby.com/accounts/default1/files/xndAcfBau9DYcdFcRNBQzwfxWOOnRZhbyCX1yQ6Y.png]
[portal.linkaraby.com/banners/5e03b330.html]
[www.linkaraby.com/accounts/default1/files/y0zbt12hQ5So2bIY7YkMrR9vztAtjeSey3WBOj1v.png]
[portal.linkaraby.com/banners/1e10c343.html]
[www.linkaraby.com/accounts/default1/files/5168b729-c8f6-46f4-82e3-9e9113e9adff-200x.png]
[portal.linkaraby.com/banners/91aa00b9.html]
[www.linkaraby.com/accounts/default1/files/trinketsboutique.png]
[portal.linkaraby.com/banners/61ce9eec.html]
[portal.linkaraby.com/banners/77aec1af.html]
[www.linkaraby.com/accounts/default1/files/9B6jIPv5iYksyrmJQONverCDeFEpnUwAylMA8p1R.png]
[portal.linkaraby.com/banners/68c0923c.html]
[www.linkaraby.com/accounts/default1/files/image0 (2).jpg]
[portal.linkaraby.com/banners/d159ece9.html]
[www.linkaraby.com/accounts/default1/files/4b1e288c-0785-4074-a24b-05a12beb2768.png]
[portal.linkaraby.com/banners/f005adbe.html]
[www.linkaraby.com/accounts/default1/files/a5a97ebe-8833-4d60-8006-dc0707adfd37-200x.png]
[portal.linkaraby.com/banners/c673a276.html]
[www.linkaraby.com/accounts/default1/files/nagwh.png]
[portal.linkaraby.com/banners/00d8ddae.html]
[www.linkaraby.com/accounts/default1/files/8df42f54-b02a-4dc5-9f9d-a60bb382736d-200x.png]
[portal.linkaraby.com/banners/f6816ef2.html]
[portal.linkaraby.com/banners/a2446569.html]
[www.linkaraby.com/accounts/default1/files/e4af2fe4-b2ca-4605-834a-e2af3556be00-200x.png]
[portal.linkaraby.com/banners/e48b8a88.html]
[portal.linkaraby.com/banners/a1ccbb0b.html]
[portal.linkaraby.com/campaignsc575.html]
[www.linkaraby.com/accounts/default1/files/8d329d20-2370-46af-a346-03ded2951a05.png]
[portal.linkaraby.com/banners/8a30943a.html]
[www.linkaraby.com/accounts/default1/files/17AkNupemmrQFGwN62CeaVQSs4DMFUYG61iNCqm2.png]
[portal.linkaraby.com/banners/e2edd569.html]
[www.linkaraby.com/accounts/default1/files/Vnkyz5CzTLhpMHz7xTSrSjlWw98yx0rmcZqocIkV.png]
[portal.linkaraby.com/banners/37bd14a2.html]
[portal.linkaraby.com/banners/8cb06d57.html]
[www.linkaraby.com/accounts/default1/files/Ni2jmHXChT9tJRM24egV2T5HaCWdSG4clMG0qoKl.png]
[portal.linkaraby.com/banners/d306414d.html]
[www.linkaraby.com/accounts/default1/files/CMGtsbzls6Mn2zxX3o4y4A1qrkgFGOKqC9pdHVTE.png]
[portal.linkaraby.com/banners/e44fa0e8.html]
[www.linkaraby.com/accounts/default1/files/VmscAjK3dbIoLIedUT4X5g7cwW7HyMsSwhenS26z.png]
[portal.linkaraby.com/banners/338d496e.html]
[www.linkaraby.com/accounts/default1/files/92663335-7e86-4e78-8de7-89c67f18c850-200x.png]
[portal.linkaraby.com/banners/b029d90b.html]
[www.linkaraby.com/accounts/default1/files/awtaroud.png]
[portal.linkaraby.com/banners/9ffe8e14.html]
[www.linkaraby.com/accounts/default1/files/ou99rs4ZATRIEXRVVMMoOscb8YKZm9QNZMF4aCCg.png]
[portal.linkaraby.com/banners/aeedf5ec.html]
[www.linkaraby.com/accounts/default1/files/SFM5EhhyRwMSFGPMHu6ge6M7kkHc7HiTgcm0cE4Q.png]
[portal.linkaraby.com/banners/f9ced0f8.html]
[www.linkaraby.com/accounts/default1/files/hINzsF8bt8vfRVZsGxpwiwhLXKZtAq9eApIcd1na.png]
[portal.linkaraby.com/banners/4e8f0203.html]
[www.linkaraby.com/accounts/default1/files/489a108f-e98a-4bee-a218-ebb99ac76f6d-200x.png]
[portal.linkaraby.com/banners/a49700c4.html]
[www.linkaraby.com/accounts/default1/files/output-onlinepngtools (1)-1600x1788.png]
[portal.linkaraby.com/banners/4fda4061.html]
[www.linkaraby.com/accounts/default1/files/88364000-d72e-462c-a44d-e789f5f0a0b4-200x.png]
[portal.linkaraby.com/banners/6a172761.html]
[www.linkaraby.com/accounts/default1/files/d36cd6df-8a7d-4860-aad0-70df0abb7de9-200x.png]
[portal.linkaraby.com/banners/e852642f.html]
[www.linkaraby.com/accounts/default1/files/5XeHeVvWvLAW1tp5gICY1ztXGUQvmI4dcB6l4WHS.png]
[portal.linkaraby.com/banners/2950393f.html]
[www.linkaraby.com/accounts/default1/files/8352e442-2164-4978-b756-f42ca48ebe3a-200x.png]
[portal.linkaraby.com/banners/29e2b669.html]
[portal.linkaraby.com/banners/9ab01fa3.html]
[www.linkaraby.com/accounts/default1/files/92f5be77-305c-4439-b7c4-2b258aa8f823-200x.png]
[portal.linkaraby.com/banners/cba888b5.html]
[www.linkaraby.com/accounts/default1/files/Alanmama logo bannar (1) (1).jpg]
[portal.linkaraby.com/banners/072da444.html]
[www.linkaraby.com/accounts/default1/files/b7f90b1f-60a7-4237-89c9-81da26d595b2-200x.png]
[portal.linkaraby.com/banners/45d05ef3.html]
[www.linkaraby.com/accounts/default1/files/Glitter_Last.jpg]
[portal.linkaraby.com/banners/2664c53e.html]
[www.linkaraby.com/accounts/default1/files/BV8GyqvCZRH9TKUbj760xsqeXPxuP17G1NlT0a6r.png]
[portal.linkaraby.com/banners/72d113fe.html]
[www.linkaraby.com/accounts/default1/files/cfdc5f35-f022-4ac3-ab0a-3b1f2acec9aa-200x.png]
[portal.linkaraby.com/banners/7ea380b0.html]
[www.linkaraby.com/accounts/default1/files/4vyitHjkpSe416gh9O4sHNvufkZi5De0uhfDeykT.png]
[portal.linkaraby.com/banners/6b0fd2de.html]
[www.linkaraby.com/accounts/default1/files/ZuGTQ6RviGzZjKhvH8tJHy5VkUeAXpevHcN30gkE.png]
[portal.linkaraby.com/banners/8ab9b94a.html]
[www.linkaraby.com/accounts/default1/files/df5a5e71-8c67-4ec8-afd4-26dea7be70e6-200x.png]
[portal.linkaraby.com/banners/d03038ff.html]
[www.linkaraby.com/accounts/default1/files/c499a0ae-d6e3-41e0-a9fb-71ee33e92b2f-200x.png]
[portal.linkaraby.com/banners/1787fdb4.html]
[www.linkaraby.com/accounts/default1/files/cd8727e1-f733-43f3-94dc-e71a6a8d3d91-200x.png]
[portal.linkaraby.com/banners/4d30882d.html]
[www.linkaraby.com/accounts/default1/files/S95iRlZ9dyToWMtGngi7hM3qPlxzYOJYnr7e2bIm.png]
[portal.linkaraby.com/banners/c6d216e1.html]
[www.linkaraby.com/accounts/default1/files/Picture1.png]
[portal.linkaraby.com/banners/27d208d1.html]
[www.linkaraby.com/accounts/default1/files/19786799-96cb-4561-9770-4513bdfd801b-200x.png]
[portal.linkaraby.com/banners/f670fd16.html]
[www.linkaraby.com/accounts/default1/files/Picture1_100x100.png]
[portal.linkaraby.com/banners/0bebaeb1.html]
[www.linkaraby.com/accounts/default1/files/fda3c1da-898b-44ff-8fd9-efe1ff11d76c_100x100.png]
[portal.linkaraby.com/banners/b336e523.html]
[www.linkaraby.com/accounts/default1/files/9c9130ab-0ac8-4db0-a193-dff7c3647c54(1).png]
[portal.linkaraby.com/banners/22fdde73.html]
[portal.linkaraby.com/banners/e473ba66.html]
[www.linkaraby.com/accounts/default1/files/IefjzO3JGytlAy3O4FkpdAC0cbvkOB7Z2wBPKe6B-1.png]
[portal.linkaraby.com/banners/82937182.html]
[www.linkaraby.com/accounts/default1/files/WKNk0NMAY5ZLG2sTBRHNYzpdg2wW3NItdNjqJTAE.png]
[portal.linkaraby.com/banners/154af515.html]
[www.linkaraby.com/accounts/default1/files/ab668175-328e-4bfa-9ac2-7e6fe91302fa-200x.png]
[portal.linkaraby.com/banners/6a08f1fc.html]
[www.linkaraby.com/accounts/default1/files/pPs8UMxwdVbneUEYV0d5YX3c0xNaKsZjIfzshsIj.png]
[portal.linkaraby.com/banners/3079e863.html]
[www.linkaraby.com/accounts/default1/files/192fb86c-8ba9-40fb-972d-d4eba17dfe53_100x100.jpg]
[portal.linkaraby.com/banners/8ad6e974.html]
[www.linkaraby.com/accounts/default1/files/OztWladSg3O4umOIjvrM2MbJzydc8WYvM1HTbFHO.png]
[portal.linkaraby.com/banners/d8571d8d.html]
[www.linkaraby.com/accounts/default1/files/E3xhyERq3rUt7q1vmEHtiTQCtmQPshG8oZexhwe0.png]
[portal.linkaraby.com/banners/a9c81380.html]
[www.linkaraby.com/accounts/default1/files/c5ce79dc-909f-47f6-a016-8c03c1d8e7a9-200x_100x100.jpg]
[portal.linkaraby.com/banners/fd460dbd.html]
[www.linkaraby.com/accounts/default1/files/Capture-5.png]
[portal.linkaraby.com/banners/67367b4b.html]
[www.linkaraby.com/accounts/default1/files/6dfcc2fd-7a22-4d2b-95cf-4ed1572b0ee6-200x_100x100.jpg]
[portal.linkaraby.com/banners/e50552cb.html]
[www.linkaraby.com/accounts/default1/files/G5zq5GKJAAehlBNQ63gZoLBLVXqnVLjdI9fHQfer_100x100.png]
[portal.linkaraby.com/banners/7055ca81.html]
[www.linkaraby.com/accounts/default1/files/8LkmypxJITUIs6KzWoOdv4Jf43GeMPUQnzgl7Ogc.png]
[portal.linkaraby.com/banners/c2aa213e.html]
[portal.linkaraby.com/campaigns235c.html]
[www.linkaraby.com/accounts/default1/files/ss.png]
[portal.linkaraby.com/banners/425582ff.html]
[portal.linkaraby.com/banners/2515d8f4.html]
[www.linkaraby.com/accounts/default1/files/9307661e-747e-4ea1-902b-37c8900a87f1-200x_100x100.png]
[portal.linkaraby.com/banners/978ec904.html]
[www.linkaraby.com/accounts/default1/files/logo-393x119.png]
[portal.linkaraby.com/banners/e316f487.html]
[www.linkaraby.com/accounts/default1/files/3fe37138-fd8c-41a2-b9e5-3a919d1ad96b-200x_100x100.png]
[portal.linkaraby.com/banners/66561ddc.html]
[www.linkaraby.com/accounts/default1/files/motorna.png]
[portal.linkaraby.com/banners/682b3ade.html]
[www.linkaraby.com/accounts/default1/files/creative-collectionsa.png]
[portal.linkaraby.com/banners/dbef8682.html]
[www.linkaraby.com/accounts/default1/files/just-flower.png]
[portal.linkaraby.com/banners/82f92e39.html]
[www.linkaraby.com/accounts/default1/files/607f0538-bcde-47f8-b26c-35a71015a27b-200x.png]
[portal.linkaraby.com/banners/78c2faa0.html]
[www.linkaraby.com/accounts/default1/files/storesg.png]
[portal.linkaraby.com/banners/4618ef04.html]
[www.linkaraby.com/accounts/default1/files/b8e916b1-01e0-43e1-a525-75778a4ca3e1-200x.png]
[portal.linkaraby.com/banners/3e434ee7.html]
[www.linkaraby.com/accounts/default1/files/bisaanaloud.png]
[portal.linkaraby.com/banners/230f1370.html]
[www.linkaraby.com/accounts/default1/files/NqOctMARfNnSDOHB69H20boGOJjfX0dw20U8eY6l.png]
[portal.linkaraby.com/banners/2d04e3c4.html]
[www.linkaraby.com/accounts/default1/files/bsaten-althuaq.png]
[portal.linkaraby.com/banners/59b5e514.html]
[www.linkaraby.com/accounts/default1/files/ygzmWHp9CJfOZWciTsYaGSEDsPS88V6l0EIChOxL.png]
[portal.linkaraby.com/banners/528e7437.html]
[www.linkaraby.com/accounts/default1/files/beDTs5hGhmeE3G4t166TRNIk12FxJCJa2lWfX84V.png]
[portal.linkaraby.com/banners/bae643f2.html]
[www.linkaraby.com/accounts/default1/files/7932f79b-4c3a-49a5-acbf-6d0bbb151d1a-200x.png]
[portal.linkaraby.com/banners/6bef90f5.html]
[www.linkaraby.com/accounts/default1/files/i5IXP1K4TNR1c7aBzLNoqq47dxQnUvcG9mY01l0E.png]
[portal.linkaraby.com/banners/9f124234.html]
[www.linkaraby.com/accounts/default1/files/Fw0ZWxO0Ds5mtgDIlbXDz7CY2nwL2bav0UsIIlXB.png]
[portal.linkaraby.com/banners/bbe3f17a.html]
[www.linkaraby.com/accounts/default1/files/monwah.png]
[www.linkaraby.com/accounts/default1/files/b78d150c-1611-4bfb-8ab8-63d8fbb11fd2-200x.jpg]
[portal.linkaraby.com/banners/204bac94.html]
[portal.linkaraby.com/banners/f65d1883.html]
[www.linkaraby.com/accounts/default1/files/rkwah.png]
[portal.linkaraby.com/banners/64023073.html]
[www.linkaraby.com/accounts/default1/files/haalstore.png]
[portal.linkaraby.com/banners/c11ae327.html]
[www.linkaraby.com/accounts/default1/files/azizjewelry.png]
[portal.linkaraby.com/banners/2998525a.html]
[www.linkaraby.com/accounts/default1/files/mobytea.png]
[portal.linkaraby.com/banners/09d667bc.html]
[www.linkaraby.com/accounts/default1/files/SiP4t4xdXNTn7kBSMwv0JaSphHPgIaFo7jht18ny.png]
[portal.linkaraby.com/banners/3656aa48.html]
[www.linkaraby.com/accounts/default1/files/BW8AOzUX2r7V91D48nU3t4CK9IUjreHtKdNi6ThS.png]
[portal.linkaraby.com/banners/93392930.html]
[www.linkaraby.com/accounts/default1/files/wJdYejyixxNZw15SO27WbtGFj5VGDVfraWM1jm0L.png]
[portal.linkaraby.com/banners/11cf6bf3.html]
[www.linkaraby.com/accounts/default1/files/veuom.png]
[portal.linkaraby.com/banners/ab49843c.html]
[www.linkaraby.com/accounts/default1/files/lazerahome.png]
[portal.linkaraby.com/banners/9ad201b9.html]
[www.linkaraby.com/accounts/default1/files/brandezsa.png]
[portal.linkaraby.com/banners/8366fe9c.html]
[www.linkaraby.com/accounts/default1/files/rashft-asal 100.png]
[portal.linkaraby.com/banners/ed6e30c5.html]
[www.linkaraby.com/accounts/default1/files/new_logo_540x.png]
[portal.linkaraby.com/banners/a22cea3a.html]
[www.linkaraby.com/accounts/default1/files/oudoil1.png]
[portal.linkaraby.com/banners/f9b6beb8.html]
[www.linkaraby.com/accounts/default1/files/bukanan.png]
[portal.linkaraby.com/banners/73ebc980.html]
[www.linkaraby.com/accounts/default1/files/0Ih1NOpaOBKthwdsNx6Dts5kzrBPI6gn3reSHlMn.png]
[portal.linkaraby.com/banners/b809b54d.html]
[www.linkaraby.com/accounts/default1/files/mixwid.png]
[portal.linkaraby.com/banners/74c177fa.html]
[www.linkaraby.com/accounts/default1/files/4marit.png]
[portal.linkaraby.com/banners/337c4d69.html]
[www.linkaraby.com/accounts/default1/files/OSNVEtNxWJn5A01OK6tgrlX1iYDbsKgUfBYlvgIb.png]
[portal.linkaraby.com/banners/bd2c8c8f.html]
[www.linkaraby.com/accounts/default1/files/akunmarket.png]
[portal.linkaraby.com/banners/791e8200.html]
[www.linkaraby.com/accounts/default1/files/kohl-deram.png]
[portal.linkaraby.com/banners/c852b523.html]
[www.linkaraby.com/accounts/default1/files/77710287-cb28-4f5a-8abb-35f36a5faee0-200x_100x100-1.jpg]
[portal.linkaraby.com/banners/6ce99622.html]
[www.linkaraby.com/accounts/default1/files/f0e5d6cb-7109-418f-8c64-b559e47f9799-200x.png]
[portal.linkaraby.com/banners/d5c37266.html]
[www.linkaraby.com/accounts/default1/files/shajaratalcotton.png]
[portal.linkaraby.com/banners/17a9615c.html]
[www.linkaraby.com/accounts/default1/files/Untitled_100x100.png]
[portal.linkaraby.com/banners/785b4d67.html]
[www.linkaraby.com/accounts/default1/files/maven-shop.png]
[portal.linkaraby.com/banners/29161a7e.html]
[www.linkaraby.com/accounts/default1/files/e1ksa.png]
[portal.linkaraby.com/banners/7a11771f.html]
[www.linkaraby.com/accounts/default1/files/aayonstore.png]
[portal.linkaraby.com/banners/2a82407a.html]
[www.linkaraby.com/accounts/default1/files/G3Lw6Hjw5vZaGDGqwIumFDw2ZqKoQlZpELY3o046.png]
[portal.linkaraby.com/banners/bf9cee74.html]
[www.linkaraby.com/accounts/default1/files/belvoirgulf.png]
[portal.linkaraby.com/banners/e94817be.html]
[portal.linkaraby.com/campaignsfdfa.html]
[portal.linkaraby.com/blog/5]
[portal.linkaraby.com/blog/5/قياس-أداء-الحملات-التسويقية.html]
[portal.linkaraby.com/blog/3]
[portal.linkaraby.com/blog/3/تراك-واضح.html]
[portal.linkaraby.com/blog/1]
[portal.linkaraby.com/blog/1/البحث-عن-منتجات-مناسبة-للتسويق-بالعمولة-في-السوق-السعودي-باستخدام-أداة-جوجل-ترندز.html]
[portal.linkaraby.com/blog/2]
[portal.linkaraby.com/blog/2/إنشاء-رابط-مباشر-للتسويق-لمنتج-واحد.html]
[portal.linkaraby.com/coupons/apply-for-coupon.html]
[portal.linkaraby.com/banners/315955d6.html]
[portal.linkaraby.com/banners/e0c53c94.html]
[portal.linkaraby.com/banners/e2157ce7.html]
[portal.linkaraby.com/banners/5f3bb6cf.html]
[portal.linkaraby.com/banners/5ee25449.html]
[portal.linkaraby.com/banners/ea6880af.html]
[portal.linkaraby.com/banners/3ecf5f93.html]
[portal.linkaraby.com/banners/dcf21157.html]
[portal.linkaraby.com/banners/22fabbe9.html]
[portal.linkaraby.com/banners/39291489.html]
[portal.linkaraby.com/banners/a235d592.html]
[portal.linkaraby.com/banners/af301e8e.html]
[portal.linkaraby.com/banners/b40e7d03.html]
[portal.linkaraby.com/banners/9a2e4596.html]
[portal.linkaraby.com/banners/44f9ea9c.html]
[portal.linkaraby.com/banners/52e2b55b.html]
[portal.linkaraby.com/banners/0030c46b.html]
[portal.linkaraby.com/banners/443a8db6.html]
[portal.linkaraby.com/banners/909a7e31.html]
[portal.linkaraby.com/banners/44e78dd3.html]
[portal.linkaraby.com/banners/9e90ea17.html]
[portal.linkaraby.com/banners/593df42a.html]
[portal.linkaraby.com/banners/ea3b1d32.html]
[portal.linkaraby.com/banners/041c9901.html]
[portal.linkaraby.com/banners/e0deaf34.html]
[portal.linkaraby.com/banners/dd422ba7.html]
[portal.linkaraby.com/banners/c151cfd3.html]
[portal.linkaraby.com/banners/7f2172dd.html]
[portal.linkaraby.com/banners/129a0fbf.html]
[portal.linkaraby.com/banners/a3b35ddf.html]
[portal.linkaraby.com/banners/75928217.html]
[portal.linkaraby.com/banners/742b9811.html]
[portal.linkaraby.com/banners/0e9b1ca1.html]
[portal.linkaraby.com/banners/d0ac5103.html]
[portal.linkaraby.com/banners/a11c16d8.html]
[portal.linkaraby.com/banners/194312f1.html]
[portal.linkaraby.com/banners/c95b21c3.html]
[portal.linkaraby.com/banners/c88452a4.html]
[portal.linkaraby.com/banners/b8969696.html]
[portal.linkaraby.com/banners/6d64233e.html]
[portal.linkaraby.com/banners/e82b7300.html]
[portal.linkaraby.com/banners/ea1fab68.html]
[portal.linkaraby.com/banners/20770634.html]
[portal.linkaraby.com/banners/43120f5d.html]
[portal.linkaraby.com/banners/a5290c96.html]
[portal.linkaraby.com/banners/7474298f.html]
[portal.linkaraby.com/banners/4bda9580.html]
[portal.linkaraby.com/banners/e5cee786.html]
[portal.linkaraby.com/banners/b779092b.html]
[portal.linkaraby.com/banners/10dd3f1d.html]
[portal.linkaraby.com/banners/28403a50.html]
[portal.linkaraby.com/banners/ba46f042.html]
[portal.linkaraby.com/banners/729824dc.html]
[portal.linkaraby.com/banners/c97fe6c5.html]
[portal.linkaraby.com/banners/1027f4dc.html]
[portal.linkaraby.com/banners/d59ab228.html]
[portal.linkaraby.com/banners/f9fc9431.html]
[portal.linkaraby.com/banners/54992b8e.html]
[portal.linkaraby.com/banners/6e81acc8.html]
[portal.linkaraby.com/banners/bc1eaf8f.html]
[portal.linkaraby.com/banners/556de819.html]
[portal.linkaraby.com/banners/0915e5da.html]
[portal.linkaraby.com/banners/1fa4325c.html]
[portal.linkaraby.com/banners/6ae1fe16.html]
[portal.linkaraby.com/banners/135e2e90.html]
[portal.linkaraby.com/banners/06b03825.html]
[portal.linkaraby.com/banners/e93c74b7.html]
[portal.linkaraby.com/banners/552a7efb.html]
[portal.linkaraby.com/banners/26300091.html]
[portal.linkaraby.com/banners/9e885bff.html]
[portal.linkaraby.com/banners/b19f7e37.html]
[portal.linkaraby.com/banners/e96f41d8.html]
[portal.linkaraby.com/banners/d2f90676.html]
[portal.linkaraby.com/banners/a8478f9e.html]
[portal.linkaraby.com/banners/89c241c2.html]
[portal.linkaraby.com/banners/9eedff7f.html]
[portal.linkaraby.com/banners/d750ecb7.html]
[portal.linkaraby.com/banners/b89aa7c4.html]
[portal.linkaraby.com/banners/958366a6.html]
[portal.linkaraby.com/banners/3219e2c1.html]
[portal.linkaraby.com/banners/b2c183dc.html]
[portal.linkaraby.com/banners/b08701d4.html]
[portal.linkaraby.com/banners/55279f68.html]
[portal.linkaraby.com/banners/483c410a.html]
[portal.linkaraby.com/banners/2495ec29.html]
[portal.linkaraby.com/banners/1a63f4ba.html]
[portal.linkaraby.com/banners/3b92bb5e.html]
[portal.linkaraby.com/banners/964e7365.html]
[portal.linkaraby.com/banners/cd29100d.html]
[portal.linkaraby.com/banners/3538f168.html]
[portal.linkaraby.com/banners/0047b73b.html]
[portal.linkaraby.com/banners/1108287a.html]
[portal.linkaraby.com/banners/1d482333.html]
[portal.linkaraby.com/banners/29021b05.html]
[portal.linkaraby.com/banners/8911e986.html]
[portal.linkaraby.com/banners/957be785.html]
[portal.linkaraby.com/banners/0b4a1785.html]
[portal.linkaraby.com/banners/3fb8b76c.html]
[portal.linkaraby.com/banners/f4a54729.html]
[portal.linkaraby.com/banners/70068de3.html]
[portal.linkaraby.com/banners/f850d64a.html]
[portal.linkaraby.com/banners/b6454a74.html]
[portal.linkaraby.com/banners/34b1744d.html]
[portal.linkaraby.com/banners/263ded1d.html]
[portal.linkaraby.com/banners/4376a921.html]
[portal.linkaraby.com/banners/f07fa075.html]
[portal.linkaraby.com/banners/ed0a07e2.html]
[portal.linkaraby.com/banners/b3f06019.html]
[portal.linkaraby.com/banners/01e3be75.html]
[portal.linkaraby.com/banners/02a65147.html]
[portal.linkaraby.com/banners/42c74ee5.html]
[portal.linkaraby.com/banners/edafd2f6.html]
[portal.linkaraby.com/banners/6b200c89.html]
[portal.linkaraby.com/banners/3a940a08.html]
[portal.linkaraby.com/banners/d309f45d.html]
[portal.linkaraby.com/banners/ddb1d291.html]
[portal.linkaraby.com/banners/7958e8e4.html]
[portal.linkaraby.com/banners/b22d63ca.html]
[portal.linkaraby.com/banners/ea7ebd51.html]
[portal.linkaraby.com/banners/7732e9b1.html]
[portal.linkaraby.com/banners/78bc24ea.html]
[portal.linkaraby.com/banners/db9b4229.html]
[portal.linkaraby.com/banners/64599347.html]
[portal.linkaraby.com/banners/ee9a3c8d.html]
[portal.linkaraby.com/banners/15d4f6d6.html]
[portal.linkaraby.com/banners/0488e70d.html]
[portal.linkaraby.com/banners/b2988409.html]
[portal.linkaraby.com/banners/b449dc35.html]
[portal.linkaraby.com/banners/788b24b5.html]
[portal.linkaraby.com/banners/b0a33d7e.html]
[portal.linkaraby.com/banners/439a4287.html]
[portal.linkaraby.com/banners/4d644360.html]
[portal.linkaraby.com/banners/def1dac1.html]
[portal.linkaraby.com/banners/d6abe9f9.html]
[portal.linkaraby.com/banners/a9a04a8f.html]
[portal.linkaraby.com/banners/237b9b9c.html]
[portal.linkaraby.com/banners/be35260a.html]
[portal.linkaraby.com/banners/29e6f6b6.html]
[portal.linkaraby.com/banners/a90ce38e.html]
[portal.linkaraby.com/banners/eb0a2e4c.html]
[portal.linkaraby.com/banners/5ac1bc03.html]
[portal.linkaraby.com/banners/1a91e276.html]
[portal.linkaraby.com/banners/b2719837.html]
[portal.linkaraby.com/banners/6e465fe5.html]
[portal.linkaraby.com/banners/8f602a79.html]
[portal.linkaraby.com/banners/39abfba0.html]
[portal.linkaraby.com/banners/5db0b271.html]
[portal.linkaraby.com/banners/37821455.html]
[portal.linkaraby.com/banners/49f8a1b9.html]
[portal.linkaraby.com/banners/17136581.html]
[portal.linkaraby.com/banners/b770b954.html]
[portal.linkaraby.com/banners/fa367739.html]
[portal.linkaraby.com/banners/1204bba9.html]
[portal.linkaraby.com/banners/fd752727.html]
[portal.linkaraby.com/banners/901f1be3.html]
[portal.linkaraby.com/banners/20993609.html]
[portal.linkaraby.com/banners/1a8d0328.html]
[portal.linkaraby.com/banners/48cab398.html]
[portal.linkaraby.com/banners/f17a4969.html]
[portal.linkaraby.com/banners/4f214c50.html]
[portal.linkaraby.com/banners/e64bb06f.html]
[portal.linkaraby.com/banners/8734043e.html]
[portal.linkaraby.com/banners/598b44c2.html]
[portal.linkaraby.com/banners/17bd2fc0.html]
[portal.linkaraby.com/banners/41a6b171.html]
[portal.linkaraby.com/banners/206b8a9e.html]
[portal.linkaraby.com/banners/6456c7a6.html]
[portal.linkaraby.com/banners/bcfb5109.html]
[portal.linkaraby.com/banners/8609345f.html]
[portal.linkaraby.com/banners/02b0e24f.html]
[portal.linkaraby.com/banners/ec115ad1.html]
[portal.linkaraby.com/banners/07d51b39.html]
[portal.linkaraby.com/banners/131c1f4b.html]
[portal.linkaraby.com/banners/26d2c884.html]
[portal.linkaraby.com/banners/6c2be369.html]
[portal.linkaraby.com/banners/14fd4fdf.html]
[portal.linkaraby.com/banners/07b92894.html]
[portal.linkaraby.com/banners/4f8b75da.html]
[portal.linkaraby.com/banners/bb1ca1ae.html]
[portal.linkaraby.com/banners/d38bb6f5.html]
[portal.linkaraby.com/banners/dec42e70.html]
[portal.linkaraby.com/banners/8bceffae.html]
[portal.linkaraby.com/banners/05e670e1.html]
[portal.linkaraby.com/banners/7d9b0eb6.html]
[portal.linkaraby.com/banners/04aeeac4.html]
[portal.linkaraby.com/banners/0564f901.html]
[portal.linkaraby.com/banners/c119bbe4.html]
[portal.linkaraby.com/banners/c8a2bac6.html]
[portal.linkaraby.com/banners/37ca9f46.html]
[portal.linkaraby.com/banners/2385e790.html]
[portal.linkaraby.com/banners/df9332d8.html]
[portal.linkaraby.com/banners/0d576cb6.html]
[portal.linkaraby.com/banners/be7a1b87.html]
[portal.linkaraby.com/banners/9c6cca58.html]
[portal.linkaraby.com/banners/13e1745d.html]
[portal.linkaraby.com/banners/a6263ee5.html]
[portal.linkaraby.com/banners/eafbc018.html]
[portal.linkaraby.com/banners/b6848dd5.html]
[portal.linkaraby.com/banners/a5f2ca43.html]
[portal.linkaraby.com/banners/f434a492.html]
[portal.linkaraby.com/banners/b550059e.html]
[portal.linkaraby.com/banners/6e127c0c.html]
[portal.linkaraby.com/banners/123d3865.html]
[portal.linkaraby.com/banners/0cef7cbe.html]
[portal.linkaraby.com/banners/af4a6459.html]
[portal.linkaraby.com/banners/63578c01.html]
[portal.linkaraby.com/banners/544c1201.html]
[portal.linkaraby.com/banners/22c00f01.html]
[portal.linkaraby.com/banners/a7b17e4a.html]
[portal.linkaraby.com/banners/857f0dce.html]
[portal.linkaraby.com/banners/168d6ced.html]
[portal.linkaraby.com/banners/2487427f.html]
[portal.linkaraby.com/banners/f0ad10ce.html]
[portal.linkaraby.com/banners/ce3c7dd2.html]
[portal.linkaraby.com/banners/28cdc859.html]
[portal.linkaraby.com/banners/0fb96372.html]
[portal.linkaraby.com/banners/d62ab85c.html]
[portal.linkaraby.com/banners/6fc672cd.html]
[portal.linkaraby.com/banners/45fb50f7.html]
[portal.linkaraby.com/banners/03f77585.html]
[portal.linkaraby.com/banners/817656d1.html]
[portal.linkaraby.com/banners/7e217e14.html]
[portal.linkaraby.com/banners/5efea928.html]
[portal.linkaraby.com/banners/c1c55f23.html]
[portal.linkaraby.com/banners/8885017d.html]
[portal.linkaraby.com/banners/092ad820.html]
[portal.linkaraby.com/banners/2de578ee.html]
[portal.linkaraby.com/banners/c8f9c956.html]
[portal.linkaraby.com/banners/100face6.html]
[portal.linkaraby.com/banners/e1abcf03.html]
[portal.linkaraby.com/banners/f605f518.html]
[portal.linkaraby.com/banners/9e233d10.html]
[portal.linkaraby.com/banners/3ecab7fa.html]
[portal.linkaraby.com/banners/7e245428.html]
[portal.linkaraby.com/banners/8e792723.html]
[portal.linkaraby.com/banners/220d6cc5.html]
[portal.linkaraby.com/banners/5e03b330.html]
[portal.linkaraby.com/banners/1e10c343.html]
[portal.linkaraby.com/banners/91aa00b9.html]
[portal.linkaraby.com/banners/61ce9eec.html]
[portal.linkaraby.com/banners/77aec1af.html]
[portal.linkaraby.com/banners/68c0923c.html]
[portal.linkaraby.com/banners/d159ece9.html]
[portal.linkaraby.com/banners/f005adbe.html]
[portal.linkaraby.com/banners/c673a276.html]
[portal.linkaraby.com/banners/00d8ddae.html]
[portal.linkaraby.com/banners/f6816ef2.html]
[portal.linkaraby.com/banners/a2446569.html]
[portal.linkaraby.com/banners/e48b8a88.html]
[portal.linkaraby.com/banners/a1ccbb0b.html]
[portal.linkaraby.com/banners/8a30943a.html]
[portal.linkaraby.com/banners/e2edd569.html]
[portal.linkaraby.com/banners/37bd14a2.html]
[portal.linkaraby.com/banners/8cb06d57.html]
[portal.linkaraby.com/banners/d306414d.html]
[portal.linkaraby.com/banners/e44fa0e8.html]
[portal.linkaraby.com/banners/338d496e.html]
[portal.linkaraby.com/banners/b029d90b.html]
[portal.linkaraby.com/banners/9ffe8e14.html]
[portal.linkaraby.com/banners/aeedf5ec.html]
[portal.linkaraby.com/banners/f9ced0f8.html]
[portal.linkaraby.com/banners/4e8f0203.html]
[portal.linkaraby.com/banners/a49700c4.html]
[portal.linkaraby.com/banners/4fda4061.html]
[portal.linkaraby.com/banners/6a172761.html]
[portal.linkaraby.com/banners/e852642f.html]
[portal.linkaraby.com/banners/2950393f.html]
[portal.linkaraby.com/banners/29e2b669.html]
[portal.linkaraby.com/banners/9ab01fa3.html]
[portal.linkaraby.com/banners/cba888b5.html]
[portal.linkaraby.com/banners/072da444.html]
[portal.linkaraby.com/banners/45d05ef3.html]
[portal.linkaraby.com/banners/2664c53e.html]
[portal.linkaraby.com/banners/72d113fe.html]
[portal.linkaraby.com/banners/7ea380b0.html]
[portal.linkaraby.com/banners/6b0fd2de.html]
[portal.linkaraby.com/banners/8ab9b94a.html]
[portal.linkaraby.com/banners/d03038ff.html]
[portal.linkaraby.com/banners/1787fdb4.html]
[portal.linkaraby.com/banners/4d30882d.html]
[portal.linkaraby.com/banners/c6d216e1.html]
[portal.linkaraby.com/banners/27d208d1.html]
[portal.linkaraby.com/banners/f670fd16.html]
[portal.linkaraby.com/banners/0bebaeb1.html]
[portal.linkaraby.com/banners/b336e523.html]
[portal.linkaraby.com/banners/22fdde73.html]
[portal.linkaraby.com/banners/e473ba66.html]
[portal.linkaraby.com/banners/82937182.html]
[portal.linkaraby.com/banners/154af515.html]
[portal.linkaraby.com/banners/6a08f1fc.html]
[portal.linkaraby.com/banners/3079e863.html]
[portal.linkaraby.com/banners/8ad6e974.html]
[portal.linkaraby.com/banners/d8571d8d.html]
[portal.linkaraby.com/banners/a9c81380.html]
[portal.linkaraby.com/banners/fd460dbd.html]
[portal.linkaraby.com/banners/67367b4b.html]
[portal.linkaraby.com/banners/e50552cb.html]
[portal.linkaraby.com/banners/7055ca81.html]
[portal.linkaraby.com/banners/c2aa213e.html]
[portal.linkaraby.com/banners/425582ff.html]
[portal.linkaraby.com/banners/2515d8f4.html]
[portal.linkaraby.com/banners/978ec904.html]
[portal.linkaraby.com/banners/e316f487.html]
[portal.linkaraby.com/banners/66561ddc.html]
[portal.linkaraby.com/banners/682b3ade.html]
[portal.linkaraby.com/banners/dbef8682.html]
[portal.linkaraby.com/banners/82f92e39.html]
[portal.linkaraby.com/banners/78c2faa0.html]
[portal.linkaraby.com/banners/4618ef04.html]
[portal.linkaraby.com/banners/3e434ee7.html]
[portal.linkaraby.com/banners/230f1370.html]
[portal.linkaraby.com/banners/2d04e3c4.html]
[portal.linkaraby.com/banners/59b5e514.html]
[portal.linkaraby.com/banners/528e7437.html]
[portal.linkaraby.com/banners/bae643f2.html]
[portal.linkaraby.com/banners/6bef90f5.html]
[portal.linkaraby.com/banners/9f124234.html]
[portal.linkaraby.com/banners/bbe3f17a.html]
[portal.linkaraby.com/banners/204bac94.html]
[portal.linkaraby.com/banners/f65d1883.html]
[portal.linkaraby.com/banners/64023073.html]
[portal.linkaraby.com/banners/c11ae327.html]
[portal.linkaraby.com/banners/2998525a.html]
[portal.linkaraby.com/banners/09d667bc.html]
[portal.linkaraby.com/banners/3656aa48.html]
[portal.linkaraby.com/banners/93392930.html]
[portal.linkaraby.com/banners/11cf6bf3.html]
[portal.linkaraby.com/banners/ab49843c.html]
[portal.linkaraby.com/banners/9ad201b9.html]
[portal.linkaraby.com/banners/8366fe9c.html]
[portal.linkaraby.com/banners/ed6e30c5.html]
[portal.linkaraby.com/banners/a22cea3a.html]
[portal.linkaraby.com/banners/f9b6beb8.html]
[portal.linkaraby.com/banners/73ebc980.html]
[portal.linkaraby.com/banners/b809b54d.html]
[portal.linkaraby.com/banners/74c177fa.html]
[portal.linkaraby.com/banners/337c4d69.html]
[portal.linkaraby.com/banners/bd2c8c8f.html]
[portal.linkaraby.com/banners/791e8200.html]
[portal.linkaraby.com/banners/c852b523.html]
[portal.linkaraby.com/banners/6ce99622.html]
[portal.linkaraby.com/banners/d5c37266.html]
[portal.linkaraby.com/banners/17a9615c.html]
[portal.linkaraby.com/banners/785b4d67.html]
[portal.linkaraby.com/banners/29161a7e.html]
[portal.linkaraby.com/banners/7a11771f.html]
[portal.linkaraby.com/banners/2a82407a.html]
[portal.linkaraby.com/banners/bf9cee74.html]
[portal.linkaraby.com/banners/e94817be.html]
[portal.linkaraby.com/blog/5.html]
[portal.linkaraby.com/blog/3.html]
[portal.linkaraby.com/blog/1.html]
[portal.linkaraby.com/blog/2.html]
[portal.linkaraby.com/banners/855874e0]
[portal.linkaraby.com/banners/855874e0]
